###############################################################################
#
# IAR ELF Linker V8.50.6.265/W32 for ARM                  09/Aug/2021  16:07:57
# Copyright 2007-2020 IAR Systems AB.
#
#    Output file  =  Z3LightSoc.out
#    Map file     =
#        C:/Users/alji/SimplicityStudio/v4_workspace/Z3LightSoc/IAR ARM -
#        Default/Z3LightSoc.map
#    Command line =
#        ./zll-utility-server/zll-utility-server.o
#        ./zll-scenes-server/zll-scenes-server.o
#        ./zll-on-off-server/zll-on-off-server.o
#        ./zll-level-control-server/zll-level-control-server.o
#        ./zll-identify-server/zll-identify-server.o
#        ./zll-commissioning-server/zll-commissioning-server.o
#        ./zll-commissioning-common/zll-commissioning-cli.o
#        ./zll-commissioning-common/zll-commissioning-common.o
#        ./zcl-framework-core/af-event.o ./zcl-framework-core/af-main-common.o
#        ./zcl-framework-core/af-main-soc.o ./zcl-framework-core/af-node.o
#        ./zcl-framework-core/af-security-common.o
#        ./zcl-framework-core/af-trust-center.o
#        ./zcl-framework-core/attribute-size.o
#        ./zcl-framework-core/attribute-storage.o
#        ./zcl-framework-core/attribute-table.o
#        ./zcl-framework-core/client-api.o ./zcl-framework-core/core-cli.o
#        ./zcl-framework-core/crypto-state.o ./zcl-framework-core/message.o
#        ./zcl-framework-core/multi-network.o
#        ./zcl-framework-core/network-cli.o ./zcl-framework-core/option-cli.o
#        ./zcl-framework-core/plugin-cli.o
#        ./zcl-framework-core/print-formatter.o ./zcl-framework-core/print.o
#        ./zcl-framework-core/process-cluster-message.o
#        ./zcl-framework-core/process-global-message.o
#        ./zcl-framework-core/security-cli.o
#        ./zcl-framework-core/service-discovery-common.o
#        ./zcl-framework-core/service-discovery-soc.o
#        ./zcl-framework-core/time-util.o ./zcl-framework-core/util.o
#        ./zcl-framework-core/zcl-cli.o ./zcl-framework-core/zdo-cli.o
#        ./update-tc-link-key/update-tc-link-key-cli.o
#        ./update-tc-link-key/update-tc-link-key.o
#        ./strong-random/strong-random-api.o ./simple-main/simple-main.o
#        ./serial/EFR32/serial.o ./serial/com.o ./scenes/scenes-cli.o
#        ./scenes/scenes.o ./scan-dispatch/scan-dispatch.o
#        ./reporting/reporting-cli.o
#        ./reporting/reporting-default-configuration.o ./reporting/reporting.o
#        ./on-off/on-off.o ./nvm3/EFR32/nvm3_default.o
#        ./nvm3/EFR32/nvm3_hal_flash.o ./nvm3/nvm3_lock.o
#        ./network-steering/network-steering-cli.o
#        ./network-steering/network-steering-soc.o
#        ./network-steering/network-steering-v2.o
#        ./network-steering/network-steering.o
#        ./network-creator-security/network-creator-security-cli.o
#        ./network-creator-security/network-creator-security.o
#        ./network-creator/network-creator-cli.o
#        ./network-creator/network-creator.o ./mbedtls/EFR32/aes.o
#        ./mbedtls/EFR32/aes_aes.o ./mbedtls/EFR32/aesni.o
#        ./mbedtls/EFR32/arc4.o ./mbedtls/EFR32/asn1parse.o
#        ./mbedtls/EFR32/asn1write.o ./mbedtls/EFR32/base64.o
#        ./mbedtls/EFR32/bignum.o ./mbedtls/EFR32/blowfish.o
#        ./mbedtls/EFR32/camellia.o ./mbedtls/EFR32/ccm.o
#        ./mbedtls/EFR32/certs.o ./mbedtls/EFR32/cipher.o
#        ./mbedtls/EFR32/cipher_wrap.o ./mbedtls/EFR32/cmac.o
#        ./mbedtls/EFR32/crypto_aes.o ./mbedtls/EFR32/crypto_ble.o
#        ./mbedtls/EFR32/crypto_ecp.o ./mbedtls/EFR32/crypto_management.o
#        ./mbedtls/EFR32/crypto_sha.o ./mbedtls/EFR32/cryptoacc_aes.o
#        ./mbedtls/EFR32/cryptoacc_ccm.o ./mbedtls/EFR32/cryptoacc_cmac.o
#        ./mbedtls/EFR32/cryptoacc_ecp.o ./mbedtls/EFR32/cryptoacc_gcm.o
#        ./mbedtls/EFR32/cryptoacc_management.o ./mbedtls/EFR32/cryptoacc_sha.o
#        ./mbedtls/EFR32/cryptoacc_trng.o ./mbedtls/EFR32/ctr_drbg.o
#        ./mbedtls/EFR32/debug.o ./mbedtls/EFR32/des.o ./mbedtls/EFR32/dhm.o
#        ./mbedtls/EFR32/ecdh.o ./mbedtls/EFR32/ecdsa.o
#        ./mbedtls/EFR32/ecjpake.o ./mbedtls/EFR32/ecp.o
#        ./mbedtls/EFR32/ecp_curves.o ./mbedtls/EFR32/entropy.o
#        ./mbedtls/EFR32/entropy_adc.o ./mbedtls/EFR32/entropy_poll.o
#        ./mbedtls/EFR32/entropy_rail.o ./mbedtls/EFR32/error.o
#        ./mbedtls/EFR32/gcm.o ./mbedtls/EFR32/havege.o
#        ./mbedtls/EFR32/hmac_drbg.o ./mbedtls/EFR32/md.o ./mbedtls/EFR32/md2.o
#        ./mbedtls/EFR32/md4.o ./mbedtls/EFR32/md5.o ./mbedtls/EFR32/md_wrap.o
#        ./mbedtls/EFR32/memory_buffer_alloc.o ./mbedtls/EFR32/net_sockets.o
#        ./mbedtls/EFR32/oid.o ./mbedtls/EFR32/padlock.o ./mbedtls/EFR32/pem.o
#        ./mbedtls/EFR32/pk.o ./mbedtls/EFR32/pk_wrap.o
#        ./mbedtls/EFR32/pkcs11.o ./mbedtls/EFR32/pkcs12.o
#        ./mbedtls/EFR32/pkcs5.o ./mbedtls/EFR32/pkparse.o
#        ./mbedtls/EFR32/pkwrite.o ./mbedtls/EFR32/radioaes.o
#        ./mbedtls/EFR32/radioaes_aes.o ./mbedtls/EFR32/radioaes_ble.o
#        ./mbedtls/EFR32/ripemd160.o ./mbedtls/EFR32/rsa.o
#        ./mbedtls/EFR32/rsa_internal.o ./mbedtls/EFR32/se_aes.o
#        ./mbedtls/EFR32/se_ccm.o ./mbedtls/EFR32/se_cmac.o
#        ./mbedtls/EFR32/se_ecp.o ./mbedtls/EFR32/se_gcm.o
#        ./mbedtls/EFR32/se_jpake.o ./mbedtls/EFR32/se_management.o
#        ./mbedtls/EFR32/se_sha.o ./mbedtls/EFR32/se_trng.o
#        ./mbedtls/EFR32/sha1.o ./mbedtls/EFR32/sha256.o
#        ./mbedtls/EFR32/sha512.o ./mbedtls/EFR32/shax.o
#        ./mbedtls/EFR32/ssl_cache.o ./mbedtls/EFR32/ssl_ciphersuites.o
#        ./mbedtls/EFR32/ssl_cli.o ./mbedtls/EFR32/ssl_cookie.o
#        ./mbedtls/EFR32/ssl_srv.o ./mbedtls/EFR32/ssl_ticket.o
#        ./mbedtls/EFR32/ssl_tls.o ./mbedtls/EFR32/threading.o
#        ./mbedtls/EFR32/timing.o ./mbedtls/EFR32/trng.o
#        ./mbedtls/EFR32/version.o ./mbedtls/EFR32/version_features.o
#        ./mbedtls/EFR32/x509.o ./mbedtls/EFR32/x509_create.o
#        ./mbedtls/EFR32/x509_crl.o ./mbedtls/EFR32/x509_crt.o
#        ./mbedtls/EFR32/x509_csr.o ./mbedtls/EFR32/x509write_crt.o
#        ./mbedtls/EFR32/x509write_csr.o ./mbedtls/EFR32/xtea.o
#        ./level-control/level-control.o ./interpan/interpan-cli.o
#        ./interpan/interpan-soc.o ./interpan/interpan.o
#        ./identify/identify-cli.o ./identify/identify.o
#        ./heartbeat/heartbeat.o ./hal-library/EFR32/hal-config-gpio.o
#        ./hal-library/EFR32/hal-config.o ./hal-library/EFR32/sl_mpu.o
#        ./groups-server/groups-server-cli.o ./groups-server/groups-server.o
#        ./green-power-common/green-power-common.o
#        ./green-power-client/green-power-client-cli.o
#        ./green-power-client/green-power-client.o
#        ./find-and-bind-target/find-and-bind-target-cli.o
#        ./find-and-bind-target/find-and-bind-target.o
#        ./external-generated-files/bootloader-interface-app.o
#        ./external-generated-files/bootloader-interface.o
#        ./external-generated-files/btl_interface.o
#        ./external-generated-files/btl_interface_storage.o ./emlib/em_adc.o
#        ./emlib/em_cmu.o ./emlib/em_core.o ./emlib/em_cryotimer.o
#        ./emlib/em_emu.o ./emlib/em_eusart.o ./emlib/em_gpio.o
#        ./emlib/em_i2c.o ./emlib/em_ldma.o ./emlib/em_leuart.o
#        ./emlib/em_msc.o ./emlib/em_prs.o ./emlib/em_rmu.o ./emlib/em_rtcc.o
#        ./emlib/em_se.o ./emlib/em_system.o ./emlib/em_timer.o
#        ./emlib/em_usart.o ./emlib/em_wdog.o ./emlib/system_efr32mg13p.o
#        ./emdrv/dmadrv.o ./emdrv/gpiointerrupt.o ./emdrv/sl_sleeptimer.o
#        ./emdrv/sl_sleeptimer_hal_rtcc.o ./emdrv/sleep.o ./emdrv/tempdrv.o
#        ./emdrv/uartdrv.o ./emdrv/ustimer.o
#        ./ember-minimal-printf/ember-printf.o ./efr32/assert-crash-handlers.o
#        ./efr32/button.o ./efr32/buzzer-efr32.o ./efr32/cstartup-common.o
#        ./efr32/diagnostic.o ./efr32/ext-device.o ./efr32/faults-v7m.o
#        ./efr32/isr-stubs.o ./efr32/led.o ./efr32/mfg-token.o
#        ./efr32/micro-common.o ./efr32/micro.o ./efr32/sleep-efm32.o
#        ./efr32/token.o ./debug-jtag/EFR32/debug-jtag-efr32.o
#        ./debug-basic-library/EFR32/SEGGER_RTT.o ./counters/counters-cli.o
#        ./counters/counters-ota.o ./counters/counters-soc.o
#        ./color-control-server/color-control-server.o
#        ./coexistence-stub/EFR32/coexistence-802154.o
#        ./coexistence-stub/EFR32/coulomb-counter-802154.o
#        ./ccm-encryption/ccm-star.o ./basic/basic.o
#        ./antenna-stub/antenna-stub.o ./aes-cmac/aes-cmac.o
#        ./adc/EFR32/adc-efr32.o ./Z3LightSoc_callbacks.o
#        ./call-command-handler.o ./callback-stub.o ./command-interpreter2.o
#        ./crc.o ./ember-base-configuration.o ./ember-configuration.o
#        ./endian.o ./library.o ./mem-util.o ./random.o
#        ./security-address-cache.o ./stack-handler-stub.o ./token-def.o
#        ./zigbee-device-common.o ./zigbee-device-library.o
#        ./znet-bookkeeping.o ./znet-cli.o -o Z3LightSoc.out --config
#        C:/SiliconLabs/SimplicityStudio/v4/developer/sdks/gecko_sdk_suite/v2.7//platform/base/hal/micro/cortexm3/efm32/iar-cfg.icf
#        --config_def APP_GECKO_INFO_PAGE_BTL=1 --config_def FLASH_SIZE=524288
#        --config_def RAM_SIZE=65536 --config_def SIMEEPROM_SIZE=36864
#        --config_def LOCKBITS_IN_MAINFLASH_SIZE=0 --config_def
#        EMBER_MALLOC_HEAP_SIZE=0 --config_def HEADER_SIZE=256 --config_def
#        PSSTORE_SIZE=0 --config_def LONGTOKEN_SIZE=0 --config_def
#        BTL_SIZE=16384 --no_wrap_diagnostics
#        C:/SiliconLabs/SimplicityStudio/v4/developer/sdks/gecko_sdk_suite/v2.7//protocol/zigbee/build/security-library-link-keys-stub-cortexm3-iar-efr32mg13p-rail/security-library-link-keys-stub.a
#        C:/SiliconLabs/SimplicityStudio/v4/developer/sdks/gecko_sdk_suite/v2.7//platform/emdrv/nvm3/lib/libnvm3_CM4_iar.a
#        C:/SiliconLabs/SimplicityStudio/v4/developer/sdks/gecko_sdk_suite/v2.7//protocol/zigbee/build/sim-eeprom2-to-nvm3-upgrade-stub-library-cortexm3-iar-efr32mg13p-rail/sim-eeprom2-to-nvm3-upgrade-stub-library.a
#        C:/SiliconLabs/SimplicityStudio/v4/developer/sdks/gecko_sdk_suite/v2.7//protocol/zigbee/build/cbke-283k1-stub-library-cortexm3-iar-efr32mg13p-rail/cbke-283k1-stub-library.a
#        C:/SiliconLabs/SimplicityStudio/v4/developer/sdks/gecko_sdk_suite/v2.7//protocol/zigbee/build/end-device-bind-stub-library-cortexm3-iar-efr32mg13p-rail/end-device-bind-stub-library.a
#        C:/SiliconLabs/SimplicityStudio/v4/developer/sdks/gecko_sdk_suite/v2.7//protocol/zigbee/build/zigbee-r22-support-stub-library-cortexm3-iar-efr32mg13p-rail/zigbee-r22-support-stub-library.a
#        C:/SiliconLabs/SimplicityStudio/v4/developer/sdks/gecko_sdk_suite/v2.7//protocol/zigbee/build/cbke-stub-library-cortexm3-iar-efr32mg13p-rail/cbke-stub-library.a
#        C:/SiliconLabs/SimplicityStudio/v4/developer/sdks/gecko_sdk_suite/v2.7//protocol/zigbee/build/multi-network-stub-library-cortexm3-iar-efr32mg13p-rail/multi-network-stub-library.a
#        C:/SiliconLabs/SimplicityStudio/v4/developer/sdks/gecko_sdk_suite/v2.7//protocol/zigbee/build/debug-basic-library-cortexm3-iar-efr32mg13p-rail/debug-basic-library.a
#        C:/SiliconLabs/SimplicityStudio/v4/developer/sdks/gecko_sdk_suite/v2.7//protocol/zigbee/build/gp-library-cortexm3-iar-efr32mg13p-rail/gp-library.a
#        C:/SiliconLabs/SimplicityStudio/v4/developer/sdks/gecko_sdk_suite/v2.7//protocol/zigbee/build/cbke-163k1-stub-library-cortexm3-iar-efr32mg13p-rail/cbke-163k1-stub-library.a
#        C:/SiliconLabs/SimplicityStudio/v4/developer/sdks/gecko_sdk_suite/v2.7//platform/radio/rail_lib/autogen/librail_release/librail_efr32xg13_iar_release.a
#        C:/SiliconLabs/SimplicityStudio/v4/developer/sdks/gecko_sdk_suite/v2.7//protocol/zigbee/build/binding-table-library-cortexm3-iar-efr32mg13p-rail/binding-table-library.a
#        C:/SiliconLabs/SimplicityStudio/v4/developer/sdks/gecko_sdk_suite/v2.7//protocol/zigbee/build/packet-validate-stub-library-cortexm3-iar-efr32mg13p-rail/packet-validate-stub-library.a
#        C:/SiliconLabs/SimplicityStudio/v4/developer/sdks/gecko_sdk_suite/v2.7//protocol/zigbee/build/hal-library-cortexm3-iar-efr32mg13p-rail/hal-library.a
#        C:/SiliconLabs/SimplicityStudio/v4/developer/sdks/gecko_sdk_suite/v2.7//protocol/zigbee/build/zll-library-cortexm3-iar-efr32mg13p-rail/zll-library.a
#        C:/SiliconLabs/SimplicityStudio/v4/developer/sdks/gecko_sdk_suite/v2.7//protocol/zigbee/build/source-route-library-cortexm3-iar-efr32mg13p-rail/source-route-library.a
#        C:/SiliconLabs/SimplicityStudio/v4/developer/sdks/gecko_sdk_suite/v2.7//protocol/zigbee/build/zigbee-pro-stack-cortexm3-iar-efr32mg13p-rail/zigbee-pro-stack.a
#        C:/SiliconLabs/SimplicityStudio/v4/developer/sdks/gecko_sdk_suite/v2.7//protocol/zigbee/build/install-code-library-cortexm3-iar-efr32mg13p-rail/install-code-library.a
#        C:/SiliconLabs/SimplicityStudio/v4/developer/sdks/gecko_sdk_suite/v2.7//protocol/zigbee/build/debug-extended-stub-library-cortexm3-iar-efr32mg13p-rail/debug-extended-stub-library.a
#        C:/SiliconLabs/SimplicityStudio/v4/developer/sdks/gecko_sdk_suite/v2.7//protocol/zigbee/build/cbke-library-dsa-verify-stub-cortexm3-iar-efr32mg13p-rail/cbke-library-dsa-verify-stub.a
#        C:/SiliconLabs/SimplicityStudio/v4/developer/sdks/gecko_sdk_suite/v2.7//protocol/zigbee/build/cbke-library-dsa-sign-stub-cortexm3-iar-efr32mg13p-rail/cbke-library-dsa-sign-stub.a
#        C:/SiliconLabs/SimplicityStudio/v4/developer/sdks/gecko_sdk_suite/v2.7//protocol/zigbee/build/cbke-library-dsa-verify-283k1-stub-cortexm3-iar-efr32mg13p-rail/cbke-library-dsa-verify-283k1-stub.a
#        --entry __iar_program_start --map
#        "C:/Users/alji/SimplicityStudio/v4_workspace/Z3LightSoc/IAR ARM -
#        Default/Z3LightSoc.map" --log_file
#        "C:/Users/alji/SimplicityStudio/v4_workspace/Z3LightSoc/IAR ARM -
#        Default/Z3LightSoc.log" --log initialization,modules,sections,veneers
#        --diag_suppress=Lp012 --redirect _Printf=_PrintfSmallNoMb --redirect
#        _Scanf=_ScanfFullNoMb
#
###############################################################################

*******************************************************************************
*** RUNTIME MODEL ATTRIBUTES
***

CppFlavor       = *
__SystemLibrary = DLib
__dlib_version  = 6


*******************************************************************************
*** HEAP SELECTION
***

The basic heap was selected because no calls to memory allocation
functions were found in the application outside of system library
functions, and there are calls to deallocation functions in the
application.


*******************************************************************************
*** PLACEMENT SUMMARY
***

define block HEADER_block with fixed order { ro section AAT };
"HEADERS":
       place at start of [from 0x0 to 0xff] { block HEADER_block };
define block APPRO_block
   with fixed order {
      ro section .intvec, ro section .textrw_init, ro section .gatt_header,
      ro section .gatt_data, ro section .text, ro section CODE,
      ro section .rodata, ro section .data_init, ro section .iar.init_table,
      ro section __DLIB_PERTHREAD_init };
"APP ro":
       place at start of [from 0x100 to 0x7'ffff] { block APPRO_block };
"SIMEE&LOCKBITS":
       place at end of [from 0x100 to 0x7'ffff] {
          zi section SIMEE, zi section INTERNAL_STORAGE, zi section LONGTOKEN,
          zi section PSSTORE, zi section LOCKBITS_IN_MAINFLASH };
define block ALIGN_EMHEAP with alignment = 8 { rw section EMHEAP };
define block RESETHEAP
   with fixed order {
      rw section RESETINFO, rw section .noinitnew, block ALIGN_EMHEAP };
"ResetHeap":
       place at start of [from 0x2000'0000 to 0x2000'ffef] { block RESETHEAP };
"Guard":
       place in [from 0x2000'0000 to 0x2000'ffef] { rw section GUARD_REGION };
define block ALIGN_CSTACK with alignment = 8 { rw section CSTACK };
define block DLIB_PERTHREAD_INITIALIZED_DATA { rw section __DLIB_PERTHREAD };
define block DLIB_PERTHREAD_ZERO_DATA { zi section __DLIB_PERTHREAD };
define block HEAP with size = 0, alignment = 8 { };
define block APPRW_block
   with fixed order {
      block ALIGN_CSTACK, rw section .textrw, rw section .data,
      block DLIB_PERTHREAD_INITIALIZED_DATA, block DLIB_PERTHREAD_ZERO_DATA,
      rw section .bss, rw section .noinitlegacy, block HEAP };
"APP rw":
       place at end of [from 0x2000'0000 to 0x2000'ffef] { block APPRW_block };
do not initialize {
   rw section .noinitlegacy, rw section .noinitnew, rw section CSTACK,
   rw section RESETINFO, rw section EMHEAP, zi section SIMEE,
   zi section INTERNAL_STORAGE, zi section LONGTOKEN, zi section PSSTORE,
   zi section LOCKBITS_IN_MAINFLASH };
initialize by copy { rw };

No sections matched the following patterns:

  ro section .gatt_data             in block APPRO_block
  ro section .gatt_header           in block APPRO_block
  ro section .iar.init_table        in block APPRO_block
  ro section CODE                   in block APPRO_block
  ro section __DLIB_PERTHREAD_init  in block APPRO_block
  rw section .noinitlegacy          in block APPRW_block
  rw section .noinitnew             in block RESETHEAP
  rw section DEBUG_CHANNEL          in "DEBUGCHAN"
  rw section __DLIB_PERTHREAD       in block DLIB_PERTHREAD_INITIALIZED_DATA
  zi section INTERNAL_STORAGE       in "SIMEE&LOCKBITS"
  zi section LOCKBITS_IN_MAINFLASH  in "SIMEE&LOCKBITS"
  zi section LONGTOKEN              in "SIMEE&LOCKBITS"
  zi section PSSTORE                in "SIMEE&LOCKBITS"
  zi section __DLIB_PERTHREAD       in block DLIB_PERTHREAD_ZERO_DATA


  Section                Kind         Address      Size  Object
  -------                ----         -------      ----  ------
"HEADERS":                                         0xac
  HEADER_block                            0x0      0xac  <Block>
    AAT                  const            0x0      0xac  cstartup-common.o [12]
                                       - 0xac      0xac

"APP ro":                                      0x3'd3fc
  APPRO_block                           0x100  0x3'd3fc  <Block>
    .intvec              const          0x100      0xfc  startup_efr32mg13p.o [61]
    Initializer bytes    const          0x1fc      0x16  <for .textrw-1>
    .text                               0x214  0x3'49aa  <Block>
      .text              ro code        0x214     0x12c  zll-utility-server.o [48]
      .text              ro code        0x340     0x908  util.o [41]
      .text              ro code        0xc48     0x114  callback-stub.o [1]
      .text              ro code        0xd5c     0x16c  message.o [41]
      .text              ro code        0xec8     0x288  client-api.o [41]
      .text              ro code       0x1150     0xcd4  attribute-storage.o [41]
      .text              ro code       0x1e24     0x4c6  attribute-table.o [41]
      .text              ro code       0x22ea      0xbe  mem-util.o [1]
      .text              ro code       0x23a8      0x58  multi-network.o [41]
      .text              ro code       0x2400     0x1a6  af-event.o [41]
      .text              ro code       0x25a6       0x2  identify-cli.o [23]
      .text              ro code       0x25a8     0x32a  zll-commissioning-common.o [42]
      .text              ro code       0x28d2       0x2  startup_efr32mg13p.o [61]
      .text              ro code       0x28d4     0xee4  green-power-client.o [18]
      .text              ro code       0x37b8     0x9e8  reporting.o [33]
      .text              ro code       0x41a0      0x8c  interpan-soc.o [24]
      .text              ro code       0x422c     0x160  counters-soc.o [9]
      .text              ro code       0x438c    0x1584  association.o [72]
      .text              ro code       0x5910     0x204  ember-stack-common.o [72]
      .text              ro code       0x5b14     0x128  print.o [41]
      .text              ro code       0x5c3c     0x41c  groups-server.o [20]
      .text              ro code       0x6058      0x50  process-cluster-message.o [41]
      .text              ro code       0x60a8     0x4da  process-global-message.o [41]
      .text              ro code       0x6582       0x2  startup_efr32mg13p.o [61]
      .text              ro code       0x6584     0x314  ember-multi-network-stub.o [66]
      .text              ro code       0x6898      0x18  ABImemcpy_small.o [68]
      .text              ro code       0x68b0     0x11c  time-util.o [41]
      .text              ro code       0x69cc     0x150  print-formatter.o [41]
      .text              ro code       0x6b1c      0x68  znet-bookkeeping.o [1]
      .text              ro code       0x6b84     0x508  interpan.o [24]
      .text              ro code       0x708c     0x99c  af-main-common.o [41]
      .text              ro code       0x7a28     0x3e0  address-table.o [72]
      .text              ro code       0x7e08     0x4d0  binding-table.o [49]
      .text              ro code       0x82d8      0x50  random.o [1]
      .text              ro code       0x8328     0x5cc  af-main-soc.o [41]
      .text              ro code       0x88f4       0x6  ABImemclr4.o [68]
      .text              ro code       0x88fa       0x2  startup_efr32mg13p.o [61]
      .text              ro code       0x88fc      0xa4  micro-common.o [12]
      .text              ro code       0x89a0     0x2fc  token.o [12]
      .text              ro code       0x8c9c      0x5c  attribute-size.o [41]
      .text              ro code       0x8cf8      0x12  ABImemset_small.o [68]
      .text              ro code       0x8d0a       0x2  startup_efr32mg13p.o [61]
      .text              ro code       0x8d0c     0x24c  event-control.o [72]
      .text              ro code       0x8f58      0x10  crypto-state.o [41]
      .text              ro code       0x8f68     0xdbc  scenes.o [35]
      .text              ro code       0x9d24     0x820  zll-api.o [74]
      .text              ro code       0xa544     0x210  zll-commissioning-server.o [43]
      .text              ro code       0xa754     0x406  leave.o [72]
      .text              ro code       0xab5a     0x128  zll-tokens.o [74]
      .text              ro code       0xac82       0x2  startup_efr32mg13p.o [61]
      .text              ro code       0xac84     0xc2c  gp-data.o [60]
      .text              ro code       0xb8b0     0x76c  scan.o [72]
      .text              ro code       0xc01c     0x104  zigbee-dispatch.o [72]
      .text              ro code       0xc120     0x156  green-power-common.o [19]
      .text              ro code       0xc276       0x2  startup_efr32mg13p.o [61]
      .text              ro code       0xc278     0x83c  gp-proxy-table.o [60]
      .text              ro code       0xcab4     0x490  zigbee-stack.o [72]
      .text              ro code       0xcf44    0x1988  network.o [72]
      .text              ro code       0xe8cc      0x7a  gp-util.o [60]
      .text              ro code       0xe946       0x2  startup_efr32mg13p.o [61]
      .text              ro code       0xe948     0x270  green-power-client-cli.o [18]
      .text              ro code       0xebb8      0x78  reporting-default-configuration.o [33]
      .text              ro code       0xec30     0x138  system-timer.o [61]
      .text              ro code       0xed68     0x76c  packet-buffer.o [72]
      .text              ro code       0xf4d4     0x9cc  upper-mac.o [72]
      .text              ro code       0xfea0     0x380  mac-header.o [72]
      .text              ro code     0x1'0220     0x1fc  assert-crash-handlers.o [12]
      .text              ro code     0x1'041c     0x348  child-handling.o [72]
      .text              ro code     0x1'0764     0x9b4  beacon-handling.o [72]
      .text              ro code     0x1'1118     0x9d4  zigbee-device-util.o [72]
      .text              ro code     0x1'1aec     0x184  token-cache.o [72]
      .text              ro code     0x1'1c70     0x2f8  management.o [72]
      .text              ro code     0x1'1f68      0x14  debug-extended-stub.o [57]
      .text              ro code     0x1'1f7c     0x364  random-id.o [72]
      .text              ro code     0x1'22e0     0xde0  aps-security.o [72]
      .text              ro code     0x1'30c0     0x750  child.o [72]
      .text              ro code     0x1'3810      0x14  strong-random-api.o [39]
      .text              ro code     0x1'3824      0x1c  zdo-r22-stub.o [73]
      .text              ro code     0x1'3840     0x620  command.o [72]
      .text              ro code     0x1'3e60     0x168  child-aging.o [72]
      .text              ro code     0x1'3fc8       0xc  ember-multi-phy-stub.o [72]
      .text              ro code     0x1'3fd4      0x4e  ember-configuration.o [1]
      .text              ro code     0x1'4022      0x3a  zero_init3.o [68]
      .text              ro code     0x1'405c     0x27c  packet-header.o [72]
      .text              ro code     0x1'42d8      0x5e  byte-utilities.o [72]
      .text              ro code     0x1'4338     0x628  zigbee-packet-header.o [72]
      .text              ro code     0x1'4960      0x48  child-table.o [72]
      .text              ro code     0x1'49a8     0x5b5  mac-indirect.o [72]
      .text              ro code     0x1'4f60     0x2f6  retry.o [72]
      .text              ro code     0x1'5258     0x7d4  neighbor.o [72]
      .text              ro code     0x1'5a2c     0x664  trust-center-util.o [72]
      .text              ro code     0x1'6090      0x34  mac-info-element-parsing-stub.o [73]
      .text              ro code     0x1'60c4    0x1388  phy.o [72]
      .text              ro code     0x1'744c     0x45c  zdo-channel.o [72]
      .text              ro code     0x1'78a8     0x6b0  aps-keys.o [72]
      .text              ro code     0x1'7f58      0x1e  mac-dispatch.o [72]
      .text              ro code     0x1'7f78     0x2b2  ember-printf.o [13]
      .text              ro code     0x1'822c      0xae  serial.o [37]
      .text              ro code     0x1'82dc     0xfee  call-command-handler.o [1]
      .text              ro code     0x1'92cc     0x1f8  zigbee-neighbor.o [72]
      .text              ro code     0x1'94c4     0x14c  Z3LightSoc_callbacks.o [1]
      .text              ro code     0x1'9610     0x23c  network-creator-security.o [28]
      .text              ro code     0x1'984c      0x20  heartbeat.o [22]
      .text              ro code     0x1'986c     0x108  update-tc-link-key.o [40]
      .text              ro code     0x1'9974     0x294  zigbee-device-library.o [1]
      .text              ro code     0x1'9c08     0x45c  service-discovery-common.o [41]
      .text              ro code     0x1'a064     0x67c  network-steering-v2.o [29]
      .text              ro code     0x1'a6e0     0x9b8  aps-retry.o [72]
      .text              ro code     0x1'b098       0x8  em_core.o [15]
      .text              ro code     0x1'b0a0     0x518  micro.o [12]
      .text              ro code     0x1'b5b8      0xa4  cstartup-common.o [12]
      .text              ro code     0x1'b65c     0x3b0  diagnostic.o [12]
      .text              ro code     0x1'ba0c      0xa8  security-address-cache.o [1]
      .text              ro code     0x1'bab4     0x73c  command-interpreter2.o [1]
      .text              ro code     0x1'c1f0     0x1ba  mfg-token.o [12]
      .text              ro code     0x1'c3ac     0xa9c  application-support.o [72]
      .text              ro code     0x1'ce48     0x148  source-route-update.o [71]
      .text              ro code     0x1'cf90     0x174  scan-dispatch.o [34]
      .text              ro code     0x1'd104      0x32  ABImemset48.o [68]
      .text              ro code     0x1'd138       0x4  faults-v7m.o [12]
      .text              ro code     0x1'd13c     0x9a0  em_cmu.o [15]
      .text              ro code     0x1'dadc      0x84  em_rmu.o [15]
      .text              ro code     0x1'db60      0xc8  em_wdog.o [15]
      .text              ro code     0x1'dc28       0x4  sim-eeprom2-to-nvm3-upgrade-stub.o [70]
      .text              ro code     0x1'dc2c    0x1c3e  nvm3.o [63]
      .text              ro code     0x1'f86a       0x6  ember-base-configuration.o [1]
      .text              ro code     0x1'f870       0xc  em_core.o [15]
      .text              ro code     0x1'f87c       0x6  em_core.o [15]
      .text              ro code     0x1'f882      0x1a  em_core.o [15]
      .text              ro code     0x1'f89c     0x1ce  zll-scenes-server.o [47]
      .text              ro code     0x1'fa6c     0x9a0  zll-interpan.o [74]
      .text              ro code     0x2'040c     0x188  zll-security.o [74]
      .text              ro code     0x2'0594      0xe4  af-trust-center.o [41]
      .text              ro code     0x2'0678      0xc4  aes-efm32.o [72]
      .text              ro code     0x2'073c     0x428  crypto.o [72]
      .text              ro code     0x2'0b64     0x480  lower-mac-efr32.o [72]
      .text              ro code     0x2'0fe4      0x28  enhanced-beacon-request-stub.o [73]
      .text              ro code     0x2'100c     0x230  debug-jtag-efr32.o [11]
      .text              ro code     0x2'123c      0x90  ember-library.o [72]
      .text              ro code     0x2'12cc     0x3ec  rail_rf.o [64]
      .text              ro code     0x2'16b8      0x12  phy-util.o [72]
      .text              ro code     0x2'16cc     0x2d8  debug.o [56]
      .text              ro code     0x2'19a4       0x6  cbke-crypto-engine-163k1-stub.o [50]
      .text              ro code     0x2'19aa       0x6  cbke-crypto-engine-283k1-stub.o [51]
      .text              ro code     0x2'19b0     0x1c4  broadcast.o [72]
      .text              ro code     0x2'1b74     0x538  route-table.o [72]
      .text              ro code     0x2'20ac       0xe  cbke-crypto-engine-stub.o [55]
      .text              ro code     0x2'20bc      0x54  micro-common-internal.o [61]
      .text              ro code     0x2'2110     0x22c  store-forward.o [72]
      .text              ro code     0x2'233c      0x64  unicast-table.o [72]
      .text              ro code     0x2'23a0     0x3c0  source-route-table.o [71]
      .text              ro code     0x2'2760     0x5b0  aps-encryption.o [72]
      .text              ro code     0x2'2d10     0x2f4  jit.o [72]
      .text              ro code     0x2'3004     0x7dc  route-discovery.o [72]
      .text              ro code     0x2'37e0      0xaa  led.o [12]
      .text              ro code     0x2'388a       0x8  packet-validate-stub.o [67]
      .text              ro code     0x2'3892     0x160  route-error.o [72]
      .text              ro code     0x2'39f4     0x39c  neighbor-exchange.o [72]
      .text              ro code     0x2'3d90     0x4f6  sl_sleeptimer.o [14]
      .text              ro code     0x2'4288     0x184  ustimer.o [14]
      .text              ro code     0x2'440c     0x16c  sleep-efm32.o [12]
      .text              ro code     0x2'4578       0x8  em_core.o [15]
      .text              ro code     0x2'4580      0x4c  micro-internal.o [61]
      .text              ro code     0x2'45cc     0xa90  zigbee-device.o [72]
      .text              ro code     0x2'505c       0x8  end-device-bind-stub.o [59]
      .text              ro code     0x2'5064      0x68  install-code-tokens.o [62]
      .text              ro code     0x2'50cc     0x528  aps-keys-transient.o [72]
      .text              ro code     0x2'55f4      0x62  hmac.o [72]
      .text              ro code     0x2'5656      0x1a  aps-keys-full-stub.o [69]
      .text              ro code     0x2'5670       0x4  ember-duty-cycle-stub.o [72]
      .text              ro code     0x2'5674      0x22  I64Shl.o [68]
      .text              ro code     0x2'5696       0xc  coexistence-802154.o [7]
      .text              ro code     0x2'56a4     0x140  rail_singleprotocol.o [64]
      .text              ro code     0x2'57e4       0x4  rail_timer.o [64]
      .text              ro code     0x2'57e8      0xd4  rail_tx.o [64]
      .text              ro code     0x2'58bc      0xbe  rail_calibration.o [64]
      .text              ro code     0x2'597c     0x1c8  rail_ieee802154.o [64]
      .text              ro code     0x2'5b44      0x5e  duty-cycle-stub.o [72]
      .text              ro code     0x2'5ba2       0xc  antenna-stub.o [4]
      .text              ro code     0x2'5bb0      0xa0  rail_data.o [64]
      .text              ro code     0x2'5c50      0x26  rail_rx.o [64]
      .text              ro code     0x2'5c78      0x18  eui64.o [72]
      .text              ro code     0x2'5c90      0xb0  rail_autoack.o [64]
      .text              ro code     0x2'5d40       0xc  rail_pti.o [64]
      .text              ro code     0x2'5d4c       0x2  phy.o [72]
      .text              ro code     0x2'5d50      0xca  security-config-mfg-3xx.o [72]
      .text              ro code     0x2'5e1c     0x894  com.o [36]
      .text              ro code     0x2'66b0      0x28  basic.o [5]
      .text              ro code     0x2'66d8     0x11c  identify.o [23]
      .text              ro code     0x2'67f4     0x142  zll-identify-server.o [44]
      .text              ro code     0x2'6938     0x1c2  on-off.o [32]
      .text              ro code     0x2'6afc     0x3f0  zll-on-off-server.o [46]
      .text              ro code     0x2'6eec     0x716  level-control.o [25]
      .text              ro code     0x2'7604     0xdee  color-control-server.o [8]
      .text              ro code     0x2'83f4      0x44  find-and-bind-target.o [17]
      .text              ro code     0x2'8438     0x364  network-creator.o [27]
      .text              ro code     0x2'879c     0x100  zigbee-device-common.o [1]
      .text              ro code     0x2'889c      0x56  service-discovery-soc.o [41]
      .text              ro code     0x2'88f4       0x2  af-security-common.o [41]
      .text              ro code     0x2'88f8     0x164  sl_mpu.o [21]
      .text              ro code     0x2'8a5c      0x34  em_system.o [15]
      .text              ro code     0x2'8a90      0xec  hal-config.o [21]
      .text              ro code     0x2'8b7c     0x200  tempdrv.o [14]
      Veneer             ro code     0x2'8d7c       0x8  - Linker created -
      .text              ro code     0x2'8d84     0x90a  em_emu.o [15]
      .text              ro code     0x2'9690      0x1c  pa_conversions_efr32.o [64]
      .text              ro code     0x2'96ac     0x528  core-cli.o [41]
      .text              ro code     0x2'9bd4      0xc0  flash.o [61]
      .text              ro code     0x2'9c94       0x4  cbke-crypto-engine-dsa-sign-stub.o [52]
      .text              ro code     0x2'9c98      0x70  faults-v7m.o [12]
      .text              ro code     0x2'9d08      0xc4  system_efr32mg13p.o [15]
      .text              ro code     0x2'9dcc     0x256  nvm3_page.o [63]
      .text              ro code     0x2'a024     0x1ba  nvm3_object.o [63]
      .text              ro code     0x2'a1e0     0x242  nvm3_cache.o [63]
      .text              ro code     0x2'a424      0x1e  memcmp_small.o [68]
      .text              ro code     0x2'a442      0x3e  nvm3_utils.o [63]
      .text              ro code     0x2'a480      0x10  nvm3_lock.o [30]
      .text              ro code     0x2'a490       0xc  nvm3_lock.o [30]
      .text              ro code     0x2'a49c      0x24  crc.o [1]
      .text              ro code     0x2'a4c0     0x14a  aes-mmo.o [72]
      .text              ro code     0x2'a60c     0x26c  crypto_aes.o [26]
      .text              ro code     0x2'a878     0x1c8  ccm-star.o [6]
      .text              ro code     0x2'aa40     0x10c  symbol-timer.o [72]
      .text              ro code     0x2'ab4c     0x180  em_gpio.o [15]
      .text              ro code     0x2'accc     0x16c  SEGGER_RTT.o [10]
      .text              ro code     0x2'ae38      0x28  rfhal_module.o [64]
      .text              ro code     0x2'ae60    0x1748  rail_rf_hal.o [64]
      .text              ro code     0x2'c5a8      0x18  rail_assert.o [64]
      .text              ro code     0x2'c5c0      0xc8  pa_conversions_efr32.o [64]
      .text              ro code     0x2'c688       0x8  em_core.o [15]
      .text              ro code     0x2'c690       0x6  em_core.o [15]
      .text              ro code     0x2'c698     0x19c  sl_sleeptimer_hal_rtcc.o [14]
      .text              ro code     0x2'c834     0x106  I64DivMod_small.o [68]
      .text              ro code     0x2'c93c      0x1e  U64Shr.o [68]
      .text              ro code     0x2'c95a      0x14  memset.o [68]
      .text              ro code     0x2'c970     0x134  em_timer.o [15]
      .text              ro code     0x2'caa4     0x1bc  zdo-binding-table.o [49]
      .text              ro code     0x2'cc60       0x6  rail_rssi.o [64]
      .text              ro code     0x2'cc68      0xb0  pa_conversions_efr32.o [64]
      .text              ro code     0x2'cd18      0x50  rfhal_ircal.o [64]
      .text              ro code     0x2'cd68     0x260  rail_ieee802154_rf_hal.o [64]
      .text              ro code     0x2'cfc8    0x1454  uartdrv.o [14]
      .text              ro code     0x2'e41c     0x15c  em_usart.o [15]
      .text              ro code     0x2'e578      0x74  em_leuart.o [15]
      .text              ro code     0x2'e5ec      0x1e  zll-level-control-server.o [45]
      .text              ro code     0x2'e60c       0x4  faults-v7m.o [12]
      .text              ro code     0x2'e610     0x176  button.o [12]
      .text              ro code     0x2'e786       0x2  em_emu.o [15]
      .text              ro code     0x2'e788     0x1b0  em_msc.o [15]
      .text              ro code     0x2'e938      0x54  crypto_management.o [26]
      .text              ro code     0x2'e98c      0x38  em_crypto.o [72]
      .text              ro code     0x2'e9c4     0x34c  rfhal_timings.o [64]
      .text              ro code     0x2'ed10     0x420  rfhal_radio.o [64]
      .text              ro code     0x2'f130     0xf2c  generic_phy.o [64]
      .text              ro code     0x3'005c     0x68c  rfhal_pa.o [64]
      .text              ro code     0x3'06e8     0x5fc  rfhal_bufc.o [64]
      .text              ro code     0x3'0ce4       0xc  rail_zwave_rf_hal.o [64]
      .text              ro code     0x3'0cf0     0x4be  rfhal_protimer.o [64]
      .text              ro code     0x3'11b0      0x58  rfhal_tempcal.o [64]
      .text              ro code     0x3'1208     0x3f4  rfhal_synth.o [64]
      .text              ro code     0x3'15fc     0x138  rfhal_rand.o [64]
      .text              ro code     0x3'1734     0x18c  rfhal_pti.o [64]
      .text              ro code     0x3'18c0      0x94  em_rtcc.o [15]
      .text              ro code     0x3'1954       0x2  I64DivZer.o [68]
      .text              ro code     0x3'1958     0x434  dmadrv.o [14]
      .text              ro code     0x3'1d8c      0xa4  gpiointerrupt.o [14]
      .text              ro code     0x3'1e30      0x4c  em_core.o [15]
      .text              ro code     0x3'1e7c      0x20  rail_ble_rf_hal.o [64]
      .text              ro code     0x3'1e9c      0x50  seq_globals.o [64]
      .text              ro code     0x3'1eec       0x6  ABImemclr.o [68]
      .text              ro code     0x3'1ef4     0x190  em_ldma.o [15]
      .text              ro code     0x3'2084      0x40  em_core.o [15]
      .text              ro code     0x3'20c4     0x424  zll-commissioning-cli.o [42]
      .text              ro code     0x3'24e8     0x310  network-cli.o [41]
      .text              ro code     0x3'27f8     0x350  option-cli.o [41]
      .text              ro code     0x3'2b48     0x354  security-cli.o [41]
      .text              ro code     0x3'2e9c     0xa4e  zcl-cli.o [41]
      .text              ro code     0x3'38ec     0x56c  zdo-cli.o [41]
      .text              ro code     0x3'3e58      0x18  scenes-cli.o [35]
      .text              ro code     0x3'3e70      0xb0  reporting-cli.o [33]
      .text              ro code     0x3'3f20      0xe4  nvm3_hal_flash.o [31]
      .text              ro code     0x3'4004     0x1fc  network-steering-cli.o [29]
      .text              ro code     0x3'4200      0xe4  network-creator-security-cli.o [28]
      .text              ro code     0x3'42e4     0x170  network-creator-cli.o [27]
      .text              ro code     0x3'4454      0xdc  interpan-cli.o [24]
      .text              ro code     0x3'4530      0x5c  groups-server-cli.o [20]
      .text              ro code     0x3'458c     0x170  em_adc.o [15]
      .text              ro code     0x3'46fc       0x4  faults-v7m.o [12]
      .text              ro code     0x3'4700       0x4  faults-v7m.o [12]
      .text              ro code     0x3'4704       0x4  faults-v7m.o [12]
      .text              ro code     0x3'4708       0x4  faults-v7m.o [12]
      .text              ro code     0x3'470c       0x4  faults-v7m.o [12]
      .text              ro code     0x3'4710       0x4  isr-stubs.o [12]
      .text              ro code     0x3'4714      0xc0  counters-cli.o [9]
      .text              ro code     0x3'47d4     0x100  adc-efr32.o [2]
      .text              ro code     0x3'48d4      0xa8  library.o [1]
      .text              ro code     0x3'497c      0xb0  gp-sink-table.o [60]
      .text              ro code     0x3'4a2c      0x10  rfhal_rfsense.o [64]
      .text              ro code     0x3'4a3c      0x24  rfhal_rtccsync.o [64]
      .text              ro code     0x3'4a60      0x22  fpinit_M.o [65]
      .text              ro code     0x3'4a84      0x1e  cmain.o [68]
      .text              ro code     0x3'4aa2       0x4  low_level_init.o [58]
      .text              ro code     0x3'4aa8      0x28  data_init.o [68]
      .text              ro code     0x3'4ad0      0x12  simple-main.o [38]
      .text              ro code     0x3'4ae2       0x4  exit.o [58]
      .text              ro code     0x3'4ae8       0xa  cexit.o [68]
      .text              ro code     0x3'4af4       0xc  XXexit.o [68]
      .text              ro code     0x3'4b00      0x10  update-tc-link-key-cli.o [40]
      .text              ro code     0x3'4b10      0x12  find-and-bind-target-cli.o [17]
      .text              ro code     0x3'4b22       0xa  znet-cli.o [1]
      .text              ro code     0x3'4b2c       0xe  startup_efr32mg13p.o [61]
      .text              ro code     0x3'4b3a       0xc  cstartup_M.o [68]
      .text              ro code     0x3'4b46      0x78  lz77_init_single.o [68]
    .rodata              const       0x3'4bc0       0x8  zll-on-off-server.o [46]
    .rodata              const       0x3'4bc8       0x8  zll-on-off-server.o [46]
    .rodata              const       0x3'4bd0      0x10  zll-on-off-server.o [46]
    .rodata              const       0x3'4be0      0x18  zll-on-off-server.o [46]
    .rodata              const       0x3'4bf8      0x1c  zll-commissioning-server.o [43]
    .rodata              const       0x3'4c14      0x20  zll-commissioning-server.o [43]
    .rodata              const       0x3'4c34      0x20  zll-commissioning-server.o [43]
    .rodata              const       0x3'4c54      0x1c  zll-commissioning-server.o [43]
    .rodata              const       0x3'4c70       0x8  zll-commissioning-cli.o [42]
    .rodata              const       0x3'4c78       0x8  zll-commissioning-cli.o [42]
    .rodata              const       0x3'4c80      0x2c  zll-commissioning-cli.o [42]
    .rodata              const       0x3'4cac       0x8  zll-commissioning-cli.o [42]
    .rodata              const       0x3'4cb4      0x18  zll-commissioning-cli.o [42]
    .rodata              const       0x3'4ccc      0x18  zll-commissioning-cli.o [42]
    .rodata              const       0x3'4ce4      0x14  zll-commissioning-cli.o [42]
    .rodata              const       0x3'4cf8       0xc  zll-commissioning-cli.o [42]
    .rodata              const       0x3'4d04      0x10  zll-commissioning-cli.o [42]
    .rodata              const       0x3'4d14       0x8  zll-commissioning-cli.o [42]
    .rodata              const       0x3'4d1c       0x8  zll-commissioning-cli.o [42]
    .rodata              const       0x3'4d24       0xc  zll-commissioning-cli.o [42]
    .rodata              const       0x3'4d30       0x8  zll-commissioning-cli.o [42]
    .rodata              const       0x3'4d38       0xc  zll-commissioning-cli.o [42]
    .rodata              const       0x3'4d44       0xc  zll-commissioning-cli.o [42]
    .rodata              const       0x3'4d50      0x10  zll-commissioning-cli.o [42]
    .rodata              const       0x3'4d60      0x28  zll-commissioning-cli.o [42]
    .rodata              const       0x3'4d88      0x28  zll-commissioning-cli.o [42]
    .rodata              const       0x3'4db0      0x18  zll-commissioning-cli.o [42]
    .rodata              const       0x3'4dc8      0x14  zll-commissioning-cli.o [42]
    .rodata              const       0x3'4ddc      0x18  zll-commissioning-cli.o [42]
    .rodata              const       0x3'4df4      0x18  zll-commissioning-cli.o [42]
    .rodata              const       0x3'4e0c      0x1c  zll-commissioning-cli.o [42]
    .rodata              const       0x3'4e28      0x14  zll-commissioning-cli.o [42]
    .rodata              const       0x3'4e3c      0x20  zll-commissioning-cli.o [42]
    .rodata              const       0x3'4e5c      0x20  zll-commissioning-cli.o [42]
    .rodata              const       0x3'4e7c       0x8  zll-commissioning-cli.o [42]
    .rodata              const       0x3'4e84      0x14  zll-commissioning-cli.o [42]
    .rodata              const       0x3'4e98      0x18  zll-commissioning-cli.o [42]
    .rodata              const       0x3'4eb0      0x10  zll-commissioning-cli.o [42]
    .rodata              const       0x3'4ec0       0x8  zll-commissioning-cli.o [42]
    .rodata              const       0x3'4ec8       0xc  zll-commissioning-cli.o [42]
    .rodata              const       0x3'4ed4       0xc  zll-commissioning-cli.o [42]
    .rodata              const       0x3'4ee0      0x2c  zll-commissioning-cli.o [42]
    .rodata              const       0x3'4f0c      0x30  zll-commissioning-common.o [42]
    .rodata              const       0x3'4f3c      0x1c  zll-commissioning-common.o [42]
    .rodata              const       0x3'4f58      0x38  zll-commissioning-common.o [42]
    .rodata              const       0x3'4f90      0x28  zll-commissioning-common.o [42]
    .rodata              const       0x3'4fb8      0x14  zll-commissioning-common.o [42]
    .rodata              const       0x3'4fcc       0x8  zll-commissioning-common.o [42]
    .rodata              const       0x3'4fd4      0x18  zll-commissioning-common.o [42]
    .rodata              const       0x3'4fec      0x18  zll-commissioning-common.o [42]
    .rodata              const       0x3'5004      0x3c  zll-commissioning-common.o [42]
    .rodata              const       0x3'5040      0x30  zll-commissioning-common.o [42]
    .rodata              const       0x3'5070      0x30  zll-commissioning-common.o [42]
    .rodata              const       0x3'50a0      0x20  zll-commissioning-common.o [42]
    .rodata              const       0x3'50c0      0x18  zll-commissioning-common.o [42]
    .rodata              const       0x3'50d8      0x10  zll-commissioning-common.o [42]
    .rodata              const       0x3'50e8      0x1c  zll-commissioning-common.o [42]
    .rodata              const       0x3'5104      0x20  af-event.o [41]
    .rodata              const       0x3'5124      0x20  af-event.o [41]
    .rodata              const       0x3'5144      0x20  af-event.o [41]
    .rodata              const       0x3'5164      0x20  af-event.o [41]
    .rodata              const       0x3'5184      0x20  af-event.o [41]
    .rodata              const       0x3'51a4      0x1c  af-event.o [41]
    .rodata              const       0x3'51c0      0x24  af-event.o [41]
    .rodata              const       0x3'51e4      0x20  af-event.o [41]
    .rodata              const       0x3'5204      0x1c  af-event.o [41]
    .rodata              const       0x3'5220      0x24  af-event.o [41]
    .rodata              const       0x3'5244      0x20  af-event.o [41]
    .rodata              const       0x3'5264      0x38  af-event.o [41]
    .rodata              const       0x3'529c      0x34  af-event.o [41]
    .rodata              const       0x3'52d0      0x34  af-event.o [41]
    .rodata              const       0x3'5304      0x24  af-event.o [41]
    .rodata              const       0x3'5328      0x2c  af-event.o [41]
    .rodata              const       0x3'5354      0x20  af-event.o [41]
    .rodata              const       0x3'5374      0x24  af-event.o [41]
    .rodata              const       0x3'5398      0x2c  af-event.o [41]
    .rodata              const       0x3'53c4      0x28  af-event.o [41]
    .rodata              const       0x3'53ec      0x18  af-event.o [41]
    .rodata              const       0x3'5404      0x1c  af-event.o [41]
    .rodata              const       0x3'5420      0x30  af-event.o [41]
    .rodata              const       0x3'5450      0x24  af-event.o [41]
    .rodata              const       0x3'5474      0x30  af-event.o [41]
    .rodata              const       0x3'54a4      0x30  af-event.o [41]
    .rodata              const       0x3'54d4      0x30  af-event.o [41]
    .rodata              const       0x3'5504      0xe0  af-event.o [41]
    .rodata              const       0x3'55e4       0xc  af-main-common.o [41]
    .rodata              const       0x3'55f0       0x8  af-main-common.o [41]
    .rodata              const       0x3'55f8       0x8  af-main-common.o [41]
    .rodata              const       0x3'5600       0x8  af-main-common.o [41]
    .rodata              const       0x3'5608       0x8  af-main-common.o [41]
    .rodata              const       0x3'5610       0x8  af-main-common.o [41]
    .rodata              const       0x3'5618       0x8  af-main-common.o [41]
    .rodata              const       0x3'5620       0x4  af-main-common.o [41]
    .rodata              const       0x3'5624       0x8  af-main-common.o [41]
    .rodata              const       0x3'562c       0x8  af-main-common.o [41]
    .rodata              const       0x3'5634      0x10  af-main-common.o [41]
    .rodata              const       0x3'5644       0x8  af-main-common.o [41]
    .rodata              const       0x3'564c       0x4  af-main-common.o [41]
    .rodata              const       0x3'5650      0x3c  af-main-common.o [41]
    .rodata              const       0x3'568c      0x18  af-main-common.o [41]
    .rodata              const       0x3'56a4      0x28  af-main-common.o [41]
    .rodata              const       0x3'56cc      0x14  af-main-common.o [41]
    .rodata              const       0x3'56e0       0x8  af-main-common.o [41]
    .rodata              const       0x3'56e8       0x8  af-main-common.o [41]
    .rodata              const       0x3'56f0      0x10  af-main-common.o [41]
    .rodata              const       0x3'5700      0x28  af-main-common.o [41]
    .rodata              const       0x3'5728      0x18  af-main-common.o [41]
    .rodata              const       0x3'5740      0x1c  af-main-common.o [41]
    .rodata              const       0x3'575c      0x24  af-main-common.o [41]
    .rodata              const       0x3'5780       0x8  af-main-common.o [41]
    .rodata              const       0x3'5788      0x14  af-main-common.o [41]
    .rodata              const       0x3'579c      0x30  af-main-common.o [41]
    .rodata              const       0x3'57cc      0x14  af-main-common.o [41]
    .rodata              const       0x3'57e0       0x8  af-main-common.o [41]
    .rodata              const       0x3'57e8       0x8  af-main-common.o [41]
    .rodata              const       0x3'57f0       0xc  af-main-common.o [41]
    .rodata              const       0x3'57fc       0x8  af-main-common.o [41]
    .rodata              const       0x3'5804      0x10  af-main-common.o [41]
    .rodata              const       0x3'5814       0x8  af-main-common.o [41]
    .rodata              const       0x3'581c       0xc  af-main-common.o [41]
    .rodata              const       0x3'5828      0x20  af-main-common.o [41]
    .rodata              const       0x3'5848       0xc  af-main-common.o [41]
    .rodata              const       0x3'5854       0xc  af-main-common.o [41]
    .rodata              const       0x3'5860       0x8  af-main-common.o [41]
    .rodata              const       0x3'5868      0x30  af-main-common.o [41]
    .rodata              const       0x3'5898      0x1c  af-main-common.o [41]
    .rodata              const       0x3'58b4       0x8  af-main-common.o [41]
    .rodata              const       0x3'58bc      0x18  af-main-common.o [41]
    .rodata              const       0x3'58d4      0x10  af-main-common.o [41]
    .rodata              const       0x3'58e4      0x48  af-main-common.o [41]
    .rodata              const       0x3'592c      0x18  af-main-soc.o [41]
    .rodata              const       0x3'5944      0x20  af-main-soc.o [41]
    .rodata              const       0x3'5964      0x14  af-main-soc.o [41]
    .rodata              const       0x3'5978       0x8  af-main-soc.o [41]
    .rodata              const       0x3'5980      0x10  af-main-soc.o [41]
    .rodata              const       0x3'5990       0xc  af-main-soc.o [41]
    .rodata              const       0x3'599c       0xc  af-main-soc.o [41]
    .rodata              const       0x3'59a8       0xc  af-main-soc.o [41]
    .rodata              const       0x3'59b4      0x18  af-main-soc.o [41]
    .rodata              const       0x3'59cc      0x18  af-main-soc.o [41]
    .rodata              const       0x3'59e4       0x4  af-trust-center.o [41]
    .rodata              const       0x3'59e8      0x30  attribute-size.o [41]
    .rodata              const       0x3'5a18       0x4  attribute-storage.o [41]
    .rodata              const       0x3'5a1c       0x8  attribute-storage.o [41]
    .rodata              const       0x3'5a24       0x8  attribute-storage.o [41]
    .rodata              const       0x3'5a2c       0x4  attribute-storage.o [41]
    .rodata              const       0x3'5a30       0x4  attribute-storage.o [41]
    .rodata              const       0x3'5a34      0x18  attribute-storage.o [41]
    .rodata              const       0x3'5a4c       0x8  attribute-storage.o [41]
    .rodata              const       0x3'5a54       0x4  attribute-storage.o [41]
    .rodata              const       0x3'5a58       0x4  attribute-storage.o [41]
    .rodata              const       0x3'5a5c       0x8  attribute-storage.o [41]
    .rodata              const       0x3'5a64       0x4  attribute-storage.o [41]
    .rodata              const       0x3'5a68       0x4  attribute-storage.o [41]
    .rodata              const       0x3'5a6c     0x12c  attribute-storage.o [41]
    .rodata              const       0x3'5b98       0x4  attribute-storage.o [41]
    .rodata              const       0x3'5b9c     0x3d8  attribute-storage.o [41]
    .rodata              const       0x3'5f74     0x12c  attribute-storage.o [41]
    .rodata              const       0x3'60a0      0x18  attribute-storage.o [41]
    .rodata              const       0x3'60b8       0x4  attribute-storage.o [41]
    .rodata              const       0x3'60bc       0x4  attribute-storage.o [41]
    .rodata              const       0x3'60c0      0x10  core-cli.o [41]
    .rodata              const       0x3'60d0      0x10  core-cli.o [41]
    .rodata              const       0x3'60e0      0x1c  core-cli.o [41]
    .rodata              const       0x3'60fc       0x8  core-cli.o [41]
    .rodata              const       0x3'6104      0x18  core-cli.o [41]
    .rodata              const       0x3'611c      0x18  core-cli.o [41]
    .rodata              const       0x3'6134       0x8  core-cli.o [41]
    .rodata              const       0x3'613c      0x20  core-cli.o [41]
    .rodata              const       0x3'615c       0xc  core-cli.o [41]
    .rodata              const       0x3'6168       0xc  core-cli.o [41]
    .rodata              const       0x3'6174      0x20  core-cli.o [41]
    .rodata              const       0x3'6194       0xc  core-cli.o [41]
    .rodata              const       0x3'61a0      0x24  core-cli.o [41]
    .rodata              const       0x3'61c4       0xc  core-cli.o [41]
    .rodata              const       0x3'61d0       0x8  core-cli.o [41]
    .rodata              const       0x3'61d8       0x8  core-cli.o [41]
    .rodata              const       0x3'61e0      0x10  core-cli.o [41]
    .rodata              const       0x3'61f0       0xc  core-cli.o [41]
    .rodata              const       0x3'61fc      0x14  core-cli.o [41]
    .rodata              const       0x3'6210       0xc  core-cli.o [41]
    .rodata              const       0x3'621c      0x20  core-cli.o [41]
    .rodata              const       0x3'623c       0x8  core-cli.o [41]
    .rodata              const       0x3'6244       0xc  core-cli.o [41]
    .rodata              const       0x3'6250      0x34  core-cli.o [41]
    .rodata              const       0x3'6284      0x18  core-cli.o [41]
    .rodata              const       0x3'629c       0xc  core-cli.o [41]
    .rodata              const       0x3'62a8       0xc  core-cli.o [41]
    .rodata              const       0x3'62b4      0x10  core-cli.o [41]
    .rodata              const       0x3'62c4       0xc  core-cli.o [41]
    .rodata              const       0x3'62d0       0xc  core-cli.o [41]
    .rodata              const       0x3'62dc      0x14  core-cli.o [41]
    .rodata              const       0x3'62f0      0x1c  core-cli.o [41]
    .rodata              const       0x3'630c       0x8  core-cli.o [41]
    .rodata              const       0x3'6314       0xc  core-cli.o [41]
    .rodata              const       0x3'6320       0x8  core-cli.o [41]
    .rodata              const       0x3'6328      0x20  core-cli.o [41]
    .rodata              const       0x3'6348       0x8  core-cli.o [41]
    .rodata              const       0x3'6350      0x10  core-cli.o [41]
    .rodata              const       0x3'6360      0x10  core-cli.o [41]
    .rodata              const       0x3'6370       0x8  core-cli.o [41]
    .rodata              const       0x3'6378       0xc  core-cli.o [41]
    .rodata              const       0x3'6384       0x8  core-cli.o [41]
    .rodata              const       0x3'638c       0xc  core-cli.o [41]
    .rodata              const       0x3'6398      0x1c  core-cli.o [41]
    .rodata              const       0x3'63b4       0x4  core-cli.o [41]
    .rodata              const       0x3'63b8       0x8  network-cli.o [41]
    .rodata              const       0x3'63c0       0x8  network-cli.o [41]
    .rodata              const       0x3'63c8       0x8  network-cli.o [41]
    .rodata              const       0x3'63d0      0x18  network-cli.o [41]
    .rodata              const       0x3'63e8      0x1c  network-cli.o [41]
    .rodata              const       0x3'6404      0x10  network-cli.o [41]
    .rodata              const       0x3'6414       0x8  network-cli.o [41]
    .rodata              const       0x3'641c      0x14  network-cli.o [41]
    .rodata              const       0x3'6430      0x14  network-cli.o [41]
    .rodata              const       0x3'6444      0x20  network-cli.o [41]
    .rodata              const       0x3'6464      0x1c  network-cli.o [41]
    .rodata              const       0x3'6480      0x18  network-cli.o [41]
    .rodata              const       0x3'6498      0x1c  network-cli.o [41]
    .rodata              const       0x3'64b4      0x10  network-cli.o [41]
    .rodata              const       0x3'64c4      0x1c  network-cli.o [41]
    .rodata              const       0x3'64e0      0x18  network-cli.o [41]
    .rodata              const       0x3'64f8       0x8  network-cli.o [41]
    .rodata              const       0x3'6500      0x14  network-cli.o [41]
    .rodata              const       0x3'6514      0x14  network-cli.o [41]
    .rodata              const       0x3'6528       0x8  network-cli.o [41]
    .rodata              const       0x3'6530      0x1c  network-cli.o [41]
    .rodata              const       0x3'654c      0x20  network-cli.o [41]
    .rodata              const       0x3'656c      0x30  network-cli.o [41]
    .rodata              const       0x3'659c      0x30  network-cli.o [41]
    .rodata              const       0x3'65cc      0x1c  option-cli.o [41]
    .rodata              const       0x3'65e8       0xc  option-cli.o [41]
    .rodata              const       0x3'65f4      0x1c  option-cli.o [41]
    .rodata              const       0x3'6610      0x18  option-cli.o [41]
    .rodata              const       0x3'6628      0x14  option-cli.o [41]
    .rodata              const       0x3'663c       0xc  option-cli.o [41]
    .rodata              const       0x3'6648       0x8  option-cli.o [41]
    .rodata              const       0x3'6650       0x8  option-cli.o [41]
    .rodata              const       0x3'6658       0x8  option-cli.o [41]
    .rodata              const       0x3'6660       0x8  option-cli.o [41]
    .rodata              const       0x3'6668       0x8  option-cli.o [41]
    .rodata              const       0x3'6670       0x8  option-cli.o [41]
    .rodata              const       0x3'6678       0x8  option-cli.o [41]
    .rodata              const       0x3'6680      0x30  option-cli.o [41]
    .rodata              const       0x3'66b0       0x8  option-cli.o [41]
    .rodata              const       0x3'66b8      0x24  option-cli.o [41]
    .rodata              const       0x3'66dc      0x20  option-cli.o [41]
    .rodata              const       0x3'66fc      0x18  option-cli.o [41]
    .rodata              const       0x3'6714      0x10  option-cli.o [41]
    .rodata              const       0x3'6724      0x24  option-cli.o [41]
    .rodata              const       0x3'6748      0x3c  option-cli.o [41]
    .rodata              const       0x3'6784      0x20  option-cli.o [41]
    .rodata              const       0x3'67a4      0x18  option-cli.o [41]
    .rodata              const       0x3'67bc      0x14  option-cli.o [41]
    .rodata              const       0x3'67d0      0x14  option-cli.o [41]
    .rodata              const       0x3'67e4      0x18  print-formatter.o [41]
    .rodata              const       0x3'67fc       0x8  print.o [41]
    .rodata              const       0x3'6804       0xc  print.o [41]
    .rodata              const       0x3'6810      0x1c  print.o [41]
    .rodata              const       0x3'682c      0x10  print.o [41]
    .rodata              const       0x3'683c      0x2c  process-cluster-message.o [41]
    .rodata              const       0x3'6868       0x8  process-cluster-message.o [41]
    .rodata              const       0x3'6870       0xc  process-global-message.o [41]
    .rodata              const       0x3'687c      0x18  security-cli.o [41]
    .rodata              const       0x3'6894       0x8  security-cli.o [41]
    .rodata              const       0x3'689c      0x38  security-cli.o [41]
    .rodata              const       0x3'68d4      0x10  security-cli.o [41]
    .rodata              const       0x3'68e4       0x8  security-cli.o [41]
    .rodata              const       0x3'68ec      0x14  security-cli.o [41]
    .rodata              const       0x3'6900       0x8  security-cli.o [41]
    .rodata              const       0x3'6908       0xc  security-cli.o [41]
    .rodata              const       0x3'6914       0x8  security-cli.o [41]
    .rodata              const       0x3'691c       0xc  security-cli.o [41]
    .rodata              const       0x3'6928      0x14  security-cli.o [41]
    .rodata              const       0x3'693c      0x10  security-cli.o [41]
    .rodata              const       0x3'694c      0x28  security-cli.o [41]
    .rodata              const       0x3'6974      0x38  security-cli.o [41]
    .rodata              const       0x3'69ac       0x8  security-cli.o [41]
    .rodata              const       0x3'69b4       0x8  security-cli.o [41]
    .rodata              const       0x3'69bc       0x8  security-cli.o [41]
    .rodata              const       0x3'69c4      0x10  security-cli.o [41]
    .rodata              const       0x3'69d4      0x3c  security-cli.o [41]
    .rodata              const       0x3'6a10       0x8  security-cli.o [41]
    .rodata              const       0x3'6a18       0xc  security-cli.o [41]
    .rodata              const       0x3'6a24      0x44  security-cli.o [41]
    .rodata              const       0x3'6a68       0x8  security-cli.o [41]
    .rodata              const       0x3'6a70       0xc  security-cli.o [41]
    .rodata              const       0x3'6a7c      0x50  security-cli.o [41]
    .rodata              const       0x3'6acc      0x24  time-util.o [41]
    .rodata              const       0x3'6af0       0xc  time-util.o [41]
    .rodata              const       0x3'6afc       0x8  util.o [41]
    .rodata              const       0x3'6b04       0xc  util.o [41]
    .rodata              const       0x3'6b10       0x8  util.o [41]
    .rodata              const       0x3'6b18       0x8  util.o [41]
    .rodata              const       0x3'6b20       0x8  util.o [41]
    .rodata              const       0x3'6b28      0x10  util.o [41]
    .rodata              const       0x3'6b38       0xc  util.o [41]
    .rodata              const       0x3'6b44      0x10  util.o [41]
    .rodata              const       0x3'6b54      0x14  util.o [41]
    .rodata              const       0x3'6b68      0x18  util.o [41]
    .rodata              const       0x3'6b80       0x8  util.o [41]
    .rodata              const       0x3'6b88       0x8  util.o [41]
    .rodata              const       0x3'6b90      0x20  util.o [41]
    .rodata              const       0x3'6bb0       0xc  util.o [41]
    .rodata              const       0x3'6bbc      0x20  util.o [41]
    .rodata              const       0x3'6bdc      0x1c  util.o [41]
    .rodata              const       0x3'6bf8       0x8  util.o [41]
    .rodata              const       0x3'6c00      0x1c  util.o [41]
    .rodata              const       0x3'6c1c      0x50  util.o [41]
    .rodata              const       0x3'6c6c      0x14  util.o [41]
    .rodata              const       0x3'6c80      0x24  zcl-cli.o [41]
    .rodata              const       0x3'6ca4       0xc  zcl-cli.o [41]
    .rodata              const       0x3'6cb0      0x44  zcl-cli.o [41]
    .rodata              const       0x3'6cf4      0x28  zcl-cli.o [41]
    .rodata              const       0x3'6d1c      0x34  zcl-cli.o [41]
    .rodata              const       0x3'6d50      0x30  zcl-cli.o [41]
    .rodata              const       0x3'6d80       0x8  zcl-cli.o [41]
    .rodata              const       0x3'6d88      0x28  zcl-cli.o [41]
    .rodata              const       0x3'6db0      0x10  zcl-cli.o [41]
    .rodata              const       0x3'6dc0      0x14  zcl-cli.o [41]
    .rodata              const       0x3'6dd4      0x1c  zcl-cli.o [41]
    .rodata              const       0x3'6df0      0x14  zcl-cli.o [41]
    .rodata              const       0x3'6e04      0x24  zcl-cli.o [41]
    .rodata              const       0x3'6e28       0x8  zcl-cli.o [41]
    .rodata              const       0x3'6e30       0xc  zcl-cli.o [41]
    .rodata              const       0x3'6e3c      0x10  zcl-cli.o [41]
    .rodata              const       0x3'6e4c       0x8  zcl-cli.o [41]
    .rodata              const       0x3'6e54       0x8  zcl-cli.o [41]
    .rodata              const       0x3'6e5c      0x18  zcl-cli.o [41]
    .rodata              const       0x3'6e74      0x18  zcl-cli.o [41]
    .rodata              const       0x3'6e8c       0x8  zcl-cli.o [41]
    .rodata              const       0x3'6e94      0x18  zcl-cli.o [41]
    .rodata              const       0x3'6eac       0x8  zcl-cli.o [41]
    .rodata              const       0x3'6eb4      0x18  zdo-cli.o [41]
    .rodata              const       0x3'6ecc      0x18  zdo-cli.o [41]
    .rodata              const       0x3'6ee4      0x18  zdo-cli.o [41]
    .rodata              const       0x3'6efc      0x40  zdo-cli.o [41]
    .rodata              const       0x3'6f3c      0x30  zdo-cli.o [41]
    .rodata              const       0x3'6f6c      0x10  zdo-cli.o [41]
    .rodata              const       0x3'6f7c      0x18  zdo-cli.o [41]
    .rodata              const       0x3'6f94      0x20  zdo-cli.o [41]
    .rodata              const       0x3'6fb4      0x1c  zdo-cli.o [41]
    .rodata              const       0x3'6fd0      0x20  zdo-cli.o [41]
    .rodata              const       0x3'6ff0      0x20  zdo-cli.o [41]
    .rodata              const       0x3'7010      0x14  zdo-cli.o [41]
    .rodata              const       0x3'7024      0x20  zdo-cli.o [41]
    .rodata              const       0x3'7044      0x20  zdo-cli.o [41]
    .rodata              const       0x3'7064      0x18  zdo-cli.o [41]
    .rodata              const       0x3'707c      0x1c  zdo-cli.o [41]
    .rodata              const       0x3'7098      0x10  zdo-cli.o [41]
    .rodata              const       0x3'70a8       0xc  zdo-cli.o [41]
    .rodata              const       0x3'70b4      0x18  zdo-cli.o [41]
    .rodata              const       0x3'70cc      0x14  zdo-cli.o [41]
    .rodata              const       0x3'70e0       0x8  zdo-cli.o [41]
    .rodata              const       0x3'70e8       0x8  zdo-cli.o [41]
    .rodata              const       0x3'70f0      0x34  zdo-cli.o [41]
    .rodata              const       0x3'7124      0x14  zdo-cli.o [41]
    .rodata              const       0x3'7138      0x14  update-tc-link-key.o [40]
    .rodata              const       0x3'714c      0x18  update-tc-link-key.o [40]
    .rodata              const       0x3'7164       0x8  update-tc-link-key.o [40]
    .rodata              const       0x3'716c       0x8  update-tc-link-key.o [40]
    .rodata              const       0x3'7174       0xc  update-tc-link-key.o [40]
    .rodata              const       0x3'7180      0x10  update-tc-link-key.o [40]
    .rodata              const       0x3'7190      0x30  update-tc-link-key.o [40]
    .rodata              const       0x3'71c0      0x28  serial.o [37]
    .rodata              const       0x3'71e8       0x8  com.o [36]
    .rodata              const       0x3'71f0      0x18  scenes-cli.o [35]
    .rodata              const       0x3'7208       0xc  scenes.o [35]
    .rodata              const       0x3'7214      0x10  scenes.o [35]
    .rodata              const       0x3'7224      0x10  scenes.o [35]
    .rodata              const       0x3'7234       0xc  scenes.o [35]
    .rodata              const       0x3'7240      0x24  scenes.o [35]
    .rodata              const       0x3'7264       0x8  scenes.o [35]
    .rodata              const       0x3'726c      0x20  scenes.o [35]
    .rodata              const       0x3'728c       0xc  scenes.o [35]
    .rodata              const       0x3'7298       0x8  scenes.o [35]
    .rodata              const       0x3'72a0      0x10  scenes.o [35]
    .rodata              const       0x3'72b0      0x14  scenes.o [35]
    .rodata              const       0x3'72c4       0x8  scenes.o [35]
    .rodata              const       0x3'72cc      0x10  scenes.o [35]
    .rodata              const       0x3'72dc       0xc  scenes.o [35]
    .rodata              const       0x3'72e8       0xc  scenes.o [35]
    .rodata              const       0x3'72f4      0x18  scenes.o [35]
    .rodata              const       0x3'730c      0x14  scenes.o [35]
    .rodata              const       0x3'7320      0x14  scenes.o [35]
    .rodata              const       0x3'7334      0x18  scenes.o [35]
    .rodata              const       0x3'734c      0x10  scenes.o [35]
    .rodata              const       0x3'735c      0x14  scenes.o [35]
    .rodata              const       0x3'7370      0xb4  reporting-default-configuration.o [33]
    .rodata              const       0x3'7424      0x1c  nvm3_hal_flash.o [31]
    .rodata              const       0x3'7440       0x4  nvm3_lock.o [30]
    .rodata              const       0x3'7444      0x18  network-steering-cli.o [29]
    .rodata              const       0x3'745c      0x14  network-steering-cli.o [29]
    .rodata              const       0x3'7470       0x8  network-steering-cli.o [29]
    .rodata              const       0x3'7478       0xc  network-steering-cli.o [29]
    .rodata              const       0x3'7484      0x14  network-steering-cli.o [29]
    .rodata              const       0x3'7498      0x1c  network-steering-cli.o [29]
    .rodata              const       0x3'74b4       0x8  network-steering-cli.o [29]
    .rodata              const       0x3'74bc       0xc  network-steering-cli.o [29]
    .rodata              const       0x3'74c8       0x8  network-steering-cli.o [29]
    .rodata              const       0x3'74d0       0x8  network-steering-cli.o [29]
    .rodata              const       0x3'74d8      0x10  network-steering-cli.o [29]
    .rodata              const       0x3'74e8      0x10  network-steering-cli.o [29]
    .rodata              const       0x3'74f8      0x10  network-steering-cli.o [29]
    .rodata              const       0x3'7508      0x14  network-steering-cli.o [29]
    .rodata              const       0x3'751c      0x14  network-steering-cli.o [29]
    .rodata              const       0x3'7530      0x14  network-steering-cli.o [29]
    .rodata              const       0x3'7544      0x14  network-steering-cli.o [29]
    .rodata              const       0x3'7558      0x14  network-steering-cli.o [29]
    .rodata              const       0x3'756c      0x10  network-steering-cli.o [29]
    .rodata              const       0x3'757c       0x8  network-steering-cli.o [29]
    .rodata              const       0x3'7584      0xa0  network-steering-cli.o [29]
    .rodata              const       0x3'7624       0x8  network-steering-v2.o [29]
    .rodata              const       0x3'762c      0x2c  network-steering-v2.o [29]
    .rodata              const       0x3'7658      0x30  network-steering-v2.o [29]
    .rodata              const       0x3'7688      0x30  network-steering-v2.o [29]
    .rodata              const       0x3'76b8      0x30  network-steering-v2.o [29]
    .rodata              const       0x3'76e8      0x30  network-steering-v2.o [29]
    .rodata              const       0x3'7718      0x30  network-steering-v2.o [29]
    .rodata              const       0x3'7748      0x50  network-steering-v2.o [29]
    .rodata              const       0x3'7798      0x54  network-steering-v2.o [29]
    .rodata              const       0x3'77ec      0x30  network-steering-v2.o [29]
    .rodata              const       0x3'781c      0x70  network-steering-v2.o [29]
    .rodata              const       0x3'788c      0x38  network-steering-v2.o [29]
    .rodata              const       0x3'78c4      0x20  network-steering-v2.o [29]
    .rodata              const       0x3'78e4      0x28  network-steering-v2.o [29]
    .rodata              const       0x3'790c      0x18  network-steering-v2.o [29]
    .rodata              const       0x3'7924      0x14  network-steering-v2.o [29]
    .rodata              const       0x3'7938      0x18  network-steering-v2.o [29]
    .rodata              const       0x3'7950      0x30  network-steering-v2.o [29]
    .rodata              const       0x3'7980       0x8  network-steering-v2.o [29]
    .rodata              const       0x3'7988       0xc  network-steering-v2.o [29]
    .rodata              const       0x3'7994      0x2c  network-steering-v2.o [29]
    .rodata              const       0x3'79c0      0x24  network-steering-v2.o [29]
    .rodata              const       0x3'79e4      0x18  network-steering-v2.o [29]
    .rodata              const       0x3'79fc      0x10  network-steering-v2.o [29]
    .rodata              const       0x3'7a0c      0x2c  network-steering-v2.o [29]
    .rodata              const       0x3'7a38      0x54  network-steering-v2.o [29]
    .rodata              const       0x3'7a8c       0x8  network-steering-v2.o [29]
    .rodata              const       0x3'7a94      0x10  network-steering-v2.o [29]
    .rodata              const       0x3'7aa4       0x8  network-steering-v2.o [29]
    .rodata              const       0x3'7aac       0x8  network-steering-v2.o [29]
    .rodata              const       0x3'7ab4      0x2c  network-steering-v2.o [29]
    .rodata              const       0x3'7ae0      0x1c  network-steering-v2.o [29]
    .rodata              const       0x3'7afc      0x24  network-steering-v2.o [29]
    .rodata              const       0x3'7b20      0x10  network-steering-v2.o [29]
    .rodata              const       0x3'7b30      0x10  network-steering-v2.o [29]
    .rodata              const       0x3'7b40      0x10  network-steering-v2.o [29]
    .rodata              const       0x3'7b50      0x10  network-creator-security-cli.o [28]
    .rodata              const       0x3'7b60      0x18  network-creator-security-cli.o [28]
    .rodata              const       0x3'7b78      0x18  network-creator-security-cli.o [28]
    .rodata              const       0x3'7b90      0x18  network-creator-security-cli.o [28]
    .rodata              const       0x3'7ba8      0x18  network-creator-security-cli.o [28]
    .rodata              const       0x3'7bc0       0x8  network-creator-security-cli.o [28]
    .rodata              const       0x3'7bc8       0x8  network-creator-security-cli.o [28]
    .rodata              const       0x3'7bd0      0x18  network-creator-security-cli.o [28]
    .rodata              const       0x3'7be8      0x38  network-creator-security.o [28]
    .rodata              const       0x3'7c20      0x18  network-creator-security.o [28]
    .rodata              const       0x3'7c38      0x10  network-creator-security.o [28]
    .rodata              const       0x3'7c48       0x8  network-creator-security.o [28]
    .rodata              const       0x3'7c50       0x8  network-creator-security.o [28]
    .rodata              const       0x3'7c58      0x10  network-creator-security.o [28]
    .rodata              const       0x3'7c68      0x10  network-creator-security.o [28]
    .rodata              const       0x3'7c78      0x10  network-creator-cli.o [27]
    .rodata              const       0x3'7c88       0xc  network-creator-cli.o [27]
    .rodata              const       0x3'7c94       0x8  network-creator-cli.o [27]
    .rodata              const       0x3'7c9c      0x1c  network-creator-cli.o [27]
    .rodata              const       0x3'7cb8      0x20  network-creator-cli.o [27]
    .rodata              const       0x3'7cd8       0x8  network-creator-cli.o [27]
    .rodata              const       0x3'7ce0       0xc  network-creator-cli.o [27]
    .rodata              const       0x3'7cec       0x8  network-creator-cli.o [27]
    .rodata              const       0x3'7cf4      0x10  network-creator-cli.o [27]
    .rodata              const       0x3'7d04      0x14  network-creator-cli.o [27]
    .rodata              const       0x3'7d18      0x10  network-creator.o [27]
    .rodata              const       0x3'7d28       0xc  network-creator.o [27]
    .rodata              const       0x3'7d34      0x14  network-creator.o [27]
    .rodata              const       0x3'7d48      0x28  network-creator.o [27]
[...]
sleeptimer_hal_get_counter
                           0x2'c715     0x6  Code  Gb  sl_sleeptimer_hal_rtcc.o [14]
sleeptimer_hal_get_timer_frequency
                           0x2'c7f7    0x16  Code  Gb  sl_sleeptimer_hal_rtcc.o [14]
sleeptimer_hal_init_timer
                           0x2'c6a5    0x70  Code  Gb  sl_sleeptimer_hal_rtcc.o [14]
sleeptimer_hal_is_int_status_set
                           0x2'c7a7    0x1e  Code  Gb  sl_sleeptimer_hal_rtcc.o [14]
sleeptimer_hal_set_compare
                           0x2'c71b    0x46  Code  Gb  sl_sleeptimer_hal_rtcc.o [14]
sleepyBroadcastInfo     0x2000'fccc     0x1  Data  Lc  jit.o [72]
sourceRouteIndexInUseByFurtherNode
                           0x2'23d7    0x32  Code  Gb  source-route-table.o [71]
stackEvents                  0xce1c   0x128  Data  Gb  zigbee-stack.o [72]
stackTokenInfo             0x1'1c34    0x3c  Data  Lc  token-cache.o [72]
startChannelScan             0xbcc5    0x8c  Code  Lc  scan.o [72]
startNetworkOperation        0x44bd    0x46  Code  Lc  association.o [72]
startTransmission          0x2'0d41    0x30  Code  Lc  lower-mac-efr32.o [72]
state                   0x2000'f848     0x1  Data  Lc  zll-api.o [74]
stateFlags              0x2000'ffb4     0x1  Data  Lc  network-creator.o [27]
stateMachineRun            0x1'a3a9    0x6c  Code  Lc  network-steering-v2.o [29]
stateTable              0x2000'd604    0x10  Data  Lc  zll-identify-server.o [44]
stateTable              0x2000'e348    0x28  Data  Lc  level-control.o [25]
stateTable              0x2000'e95c     0x8  Data  Lc  identify.o [23]
states                  0x2000'd8cc    0x40  Data  Lc  service-discovery-common.o [41]
statesInitialized       0x2000'ff9d     0x1  Data  Lc  service-discovery-common.o [41]
staticCmd                  0x3'd168    0x20  Data  Lc  util.o [41]
status                     0x1'82dd    0x16  Code  Lc  call-command-handler.o [1]
statusCommand              0x3'23ad    0x2a  Code  Gb  zll-commissioning-cli.o [42]
steeringState           0x2000'e2f8    0x1c  Data  Gb  network-steering-v2.o [29]
stepHandler                0x2'7399   0x108  Code  Lc  level-control.o [25]
stopAllColorTransitions
                           0x2'7fdb    0x10  Code  Lc  color-control-server.o [8]
stopHandler                0x2'74b1    0x42  Code  Lc  level-control.o [25]
storeAndForwardDelayCount
                        0x2000'fcd8     0x1  Data  Lc  store-forward.o [72]
storeAndForwardSubmitCount
                        0x2000'fcd9     0x1  Data  Lc  store-forward.o [72]
storedKeysList          0x2000'd2f5     0x1  Data  Lc  aps-keys-transient.o [72]
stringToUnsignedInt        0x1'becf    0x7c  Code  Lc  command-interpreter2.o [1]
subBandConfigs             0x3'b45c    0x14  Data  Lc  radio_config_em3xxx_2.4GHz.o [72]
subBandParams              0x3'b448    0x14  Data  Lc  radio_config_em3xxx_2.4GHz.o [72]
submitCount             0x2000'fba9     0x1  Data  Lc  retry.o [72]
subtractHue                0x2'807d     0xe  Code  Lc  color-control-server.o [8]
superRetriesIntervalForMacDataPoll
                        0x2000'fa08     0x4  Data  Lc  network.o [72]
suspendRxOnWhenIdle     0x2000'f878     0x1  Data  Lc  zll-api.o [74]
symbolDelayCallbacks    0x2000'ff1c     0x8  Data  Lc  symbol-timer.o [72]
syncReg                    0x1'd2d1    0x12  Code  Lc  em_cmu.o [15]
systemTimerId           0x2000'fa18    0x18  Data  Lc  system-timer.o [61]
tail                    0x2000'ffad     0x1  Data  Lc  scan-dispatch.o [34]
targetEui64             0x2000'fbf4     0x8  Data  Lc  zll-interpan.o [74]
tcBasedClassificationAlgorithm
                           0x1'0fc9    0x62  Code  Lc  beacon-handling.o [72]
tempdrvHighCallbacks    0x2000'ebc0    0x28  Data  Lc  tempdrv.o [14]
tempdrvLowCallbacks     0x2000'ebe8    0x28  Data  Lc  tempdrv.o [14]
terminateScanRequest       0x1'76c9    0x28  Code  Lc  zdo-channel.o [72]
testMessage             0x2000'e370   0x5dc  Data  Gb  interpan-cli.o [24]
theirLastTransactionId  0x2000'fbe8     0x4  Data  Lc  zll-interpan.o [74]
thrHard                    0x1'dc47    0x20  Code  Lc  nvm3.o [63]
thrSize                    0x1'dc95     0xa  Code  Lc  nvm3.o [63]
thrSoftMinimum             0x1'dc67    0x20  Code  Lc  nvm3.o [63]
thrSoftUser                0x1'dc87     0xe  Code  Lc  nvm3.o [63]
timeElapsed             0x2000'ffbd     0x1  Data  Lc  ustimer.o [14]
timeoutPools               0x1'4e59    0xd8  Code  Lc  mac-indirect.o [72]
timer_frequency         0x2000'ebb0     0x4  Data  Lc  sl_sleeptimer.o [14]
timer_head              0x2000'ebb4     0x4  Data  Lc  sl_sleeptimer.o [14]
titleStrings            0x2000'cec8    0xa8  Data  Gb  counters-cli.o [9]
tokenArraySize             0x3'9938    0x30  Data  Gb  token-def.o [1]
tokenDefaults              0x3'9be8    0xbc  Data  Gb  token-def.o [1]
tokenFlagsToSizeArray      0x2'50c8     0x4  Data  Lc  install-code-tokens.o [62]
tokenIsCnt                 0x3'98a8    0x30  Data  Gb  token-def.o [1]
tokenIsIdx                 0x3'98d8    0x30  Data  Gb  token-def.o [1]
tokenLength                0x1'baf3     0xe  Code  Lc  command-interpreter2.o [1]
tokenNvm3Keys              0x3'97ec    0xbc  Data  Gb  token-def.o [1]
tokenPointer               0x1'bb07    0x10  Code  Lc  command-interpreter2.o [1]
tokenSize                  0x3'9908    0x30  Data  Gb  token-def.o [1]
tokensActive            0x2000'ffbe     0x1  Data  Lc  token.o [12]
totalInitialChildren    0x2000'fa33     0x1  Data  Gb  zigbee-device-util.o [72]
transactionExpirationTimeMS
                        0x2000'fbf0     0x4  Data  Lc  zll-interpan.o [74]
transientKeyFinish         0x2'5363    0x38  Code  Lc  aps-keys-transient.o [72]
tryToJoinNetwork           0x1'a065    0xc4  Code  Lc  network-steering-v2.o [29]
txBuffer                   0x2'5f67    0x3e  Code  Lc  com.o [36]
txCallback                 0x2'6151    0x3c  Code  Lc  com.o [36]
txCatchUp                  0x2'60e9    0x66  Code  Lc  com.o [36]
txCcaTries              0x2000'd4d0     0x1  Data  Lc  phy.o [72]
txCompleted                0x2'0e49    0x26  Code  Lc  lower-mac-efr32.o [72]
txCsmaTries                0x1'65ed    0xe6  Code  Lc  phy.o [72]
txOptions               0x2000'd508     0x4  Data  Lc  phy.o [72]
txParams                0x2000'd4b8     0xc  Data  Lc  phy.o [72]
txSchedulerInfo         0x2000'd080     0xc  Data  Lc  phy.o [72]
txState                 0x2000'd4ce     0x1  Data  Lc  phy.o [72]
uartdrvHandle           0x2000'ec28    0x10  Data  Lc  uartdrv.o [14]
uartdrvHandleIsInitialized
                        0x2000'ffbc     0x1  Data  Lc  uartdrv.o [14]
uarthandledata          0x2000'db00    0x38  Data  Lc  com.o [36]
unbindRequest              0x3'3c43    0x82  Code  Lc  zdo-cli.o [41]
unicastHead             0x2000'ff04     0x1  Data  Lc  unicast-table.o [72]
uninitializedIsr           0x3'470d          Code  Gb  faults-v7m.o [12]
unknownCounter          0x2000'cf70     0x4  Data  Gb  counters-cli.o [9]
unsolicitedChannelReport
                        0x2000'fbce     0x1  Data  Lc  zdo-channel.o [72]
unused                     0x3'243d     0x4  Code  Gb  zll-commissioning-cli.o [42]
unusedOriginalChannelMaskCache
                        0x2000'faac     0x4  Data  Lc  scan.o [72]
unusedPanIdCache        0x2000'fa8a     0x2  Data  Lc  scan.o [72]
updateBuffer               0x2'5f33    0x2c  Code  Lc  com.o [36]
updateChannelComposites
                           0x2'8697    0xb8  Code  Lc  network-creator.o [27]
updateEvents               0x1'6acf    0x4c  Code  Lc  phy.o [72]
updateInterrupts           0x2'8c05    0xa0  Code  Lc  tempdrv.o [14]
updateTcLinkKeyState    0x2000'ff06     0x1  Data  Lc  aps-keys.o [72]
update_first_timer_delta
                           0x2'41cd    0x24  Code  Lc  sl_sleeptimer.o [14]
upperMacState           0x2000'fad0    0x1c  Data  Gb  upper-mac.o [72]
useLegacyTimeoutMethod  0x2000'ffdd     0x1  Data  Gb  child-handling.o [72]
useMulticastBinding     0x2000'ffa7     0x1  Data  Lc  zcl-cli.o [41]
useNextSequence         0x2000'ffa5     0x1  Data  Lc  zcl-cli.o [41]
vFillBuffer                   0xec9   0x13e  Code  Lc  client-api.o [41]
vScaleAfterWakeup          0x2'8f1b    0x24  Code  Lc  em_emu.o [15]
vScaleDownEM23Setup        0x2'8ee7    0x34  Code  Lc  em_emu.o [15]
vScaleEM01Cmd              0x2'8df9     0xc  Code  Lc  em_emu.o [15]
vScaleEM01Config        0x2000'ffb6     0x1  Data  Lc  em_emu.o [15]
validateObj                0x1'e617    0x26  Code  Lc  nvm3.o [63]
validateObjFragments       0x1'e3eb   0x226  Code  Lc  nvm3.o [63]
wakeInfo                0x2000'ec48     0x4  Data  Lc  sleep-efm32.o [12]
walkDelayQueue             0x1'4f61    0xe0  Code  Lc  retry.o [72]
walkStoreAndForwardQueue
                           0x2'2131   0x108  Code  Lc  store-forward.o [72]
workBegin                  0x1'f31f    0x16  Code  Lc  nvm3.o [63]
workEnd                    0x1'f335    0x14  Code  Lc  nvm3.o [63]
writeBoolean               0x2'6b05     0x8  Code  Lc  zll-on-off-server.o [46]
writeFullAllowed           0x1'dc9f    0x18  Code  Lc  nvm3.o [63]
writeIdentifyTime          0x2'676b    0x18  Code  Lc  identify.o [23]
writeInt16u                0x2'6b1d     0x6  Code  Lc  zll-on-off-server.o [46]
writeMessage                 0xf253    0xaa  Code  Lc  packet-buffer.o [72]
writeObj                   0x1'de37   0x2da  Code  Lc  nvm3.o [63]
writeRemainingTime         0x2'706f    0x1e  Code  Lc  level-control.o [25]
writeRemainingTime         0x2'7671    0x1a  Code  Lc  color-control-server.o [8]
writeServerAttribute         0x8f93    0x10  Code  Lc  scenes.o [35]
writeZllTokens               0xab5b     0xc  Code  Lc  zll-tokens.o [74]
zaTrustCenterSetJoinPolicy
                           0x2'059d     0x8  Code  Gb  af-trust-center.o [41]
zclBasicGlsrCommand        0x3'4b23     0xa  Code  Lc  znet-cli.o [1]
zclBufferAddByte           0x3'2fb5    0x12  Code  Gb  zcl-cli.o [41]
zclBufferAddByteFromArgument
                           0x3'2fed     0x8  Code  Gb  zcl-cli.o [41]
zclBufferAddInt32          0x3'2fd9    0x14  Code  Gb  zcl-cli.o [41]
zclBufferAddWord           0x3'2fc7    0x12  Code  Gb  zcl-cli.o [41]
zclBufferAddWordFromArgument
                           0x3'2ffd     0x6  Code  Gb  zcl-cli.o [41]
zclBufferSetup             0x3'2f67    0x4e  Code  Gb  zcl-cli.o [41]
zclClusterNames            0x3'6c1c    0x50  Data  Gb  util.o [41]
zclCmdIsBuilt           0x2000'ffa3     0x1  Data  Gb  zcl-cli.o [41]
zclGlobalCommandDiscoveryCommand
                           0x3'32fb    0x2e  Code  Gb  zcl-cli.o [41]
zclGlobalDirection      0x2000'ffa6     0x1  Data  Lc  zcl-cli.o [41]
zclGlobalDirectionCommand
                           0x3'3137    0x14  Code  Gb  zcl-cli.o [41]
zclGlobalDiscoverCommand
                           0x3'31af     0x4  Code  Gb  zcl-cli.o [41]
zclGlobalExpectReportFromMeCommand
                           0x3'32d3    0x1c  Code  Gb  zcl-cli.o [41]
zclGlobalReadCommand       0x3'314b     0x6  Code  Gb  zcl-cli.o [41]
zclGlobalReportCommand     0x3'31bd    0x88  Code  Gb  zcl-cli.o [41]
zclGlobalReportReadCommand
                           0x3'324d    0x20  Code  Gb  zcl-cli.o [41]
zclGlobalSendMeAReportCommand
                           0x3'326d    0x50  Code  Gb  zcl-cli.o [41]
zclGlobalSetup             0x3'311d    0x1a  Code  Gb  zcl-cli.o [41]
zclGlobalWriteCommand      0x3'3151    0x5e  Code  Gb  zcl-cli.o [41]
zclIdentifyOnOffCommand
                           0x3'33b7    0x40  Code  Gb  zcl-cli.o [41]
zclMfgCodeCommand          0x3'3341    0x2c  Code  Gb  zcl-cli.o [41]
zclSimpleCommand           0x3'3051    0xc4  Code  Gb  zcl-cli.o [41]
zclTestResponseOffCommand
                           0x3'333b     0x6  Code  Gb  zcl-cli.o [41]
zclTestResponseOnCommand
                           0x3'3335     0x6  Code  Gb  zcl-cli.o [41]
zclTimeCommand             0x3'33a9     0xe  Code  Gb  zcl-cli.o [41]
zclUseNextSequenceCommand
                           0x3'3389    0x20  Code  Gb  zcl-cli.o [41]
zclXDefaultRespCommand     0x3'336d    0x16  Code  Gb  zcl-cli.o [41]
zdoActiveEpCommand         0x3'3b97    0x1a  Code  Gb  zdo-cli.o [41]
zdoAddClusterCommand       0x3'3a41    0x32  Code  Gb  zdo-cli.o [41]
zdoBindCommand             0x3'39c5    0x74  Code  Gb  zdo-cli.o [41]
zdoClearClusterCommand     0x3'3a79    0x1c  Code  Gb  zdo-cli.o [41]
zdoConfigurationModeEnabled
                        0x2000'd2f3     0x1  Data  Gb  zigbee-device-util.o [72]
zdoIeeeAddressRequestCommand
                           0x3'3903    0x14  Code  Gb  zdo-cli.o [41]
zdoLeaveRequestCommand     0x3'3bf1    0x32  Code  Gb  zdo-cli.o [41]
zdoMatchCommand            0x3'395b    0x40  Code  Gb  zdo-cli.o [41]
zdoMgmtBindCommand         0x3'3bd1    0x20  Code  Gb  zdo-cli.o [41]
zdoMgmtLqiCommand          0x3'3bb1    0x20  Code  Gb  zdo-cli.o [41]
zdoNetworkUpdateChannelCommand
                           0x3'3a9f    0x6a  Code  Gb  zdo-cli.o [41]
zdoNetworkUpdateScanCommand
                           0x3'3b09    0x54  Code  Gb  zdo-cli.o [41]
zdoNetworkUpdateSetCommand
                           0x3'3b63    0x20  Code  Gb  zdo-cli.o [41]
zdoNodeCommand             0x3'3939    0x1c  Code  Gb  zdo-cli.o [41]
zdoNwkAddressRequestCommand
                           0x3'38ed    0x16  Code  Gb  zdo-cli.o [41]
zdoPowerDescriptorRequestCommand
                           0x3'3c23    0x1a  Code  Gb  zdo-cli.o [41]
zdoRouteRequestCommand     0x3'3d09    0x22  Code  Gb  zdo-cli.o [41]
zdoSimpleCommand           0x3'3917    0x22  Code  Gb  zdo-cli.o [41]
zdoUnbindGroupCommand      0x3'3cc5    0x18  Code  Gb  zdo-cli.o [41]
zdoUnbindUnicastCommand
                           0x3'3cdd    0x2c  Code  Gb  zdo-cli.o [41]
zeroLenByte             0x2000'ff76     0x2  Data  Lc  message.o [41]
zigDevApsStruct         0x2000'fa40     0x4  Data  Lc  zigbee-device-util.o [72]
zigDevRequestRadius     0x2000'd2e5     0x1  Data  Gb  zigbee-device-common.o [1]
zigDevRequestSequence   0x2000'ffd3     0x1  Data  Lc  zigbee-device-common.o [1]
zigDevRequestSequence   0x2000'fa30     0x1  Data  Lc  zigbee-device-util.o [72]
zllNodeType             0x2000'f849     0x1  Data  Lc  zll-api.o [74]
zllPrimaryChannelMask   0x2000'f85c     0x4  Data  Lc  zll-api.o [74]
zllSecondaryChannelMask
                        0x2000'f884     0x4  Data  Lc  zll-api.o [74]
zllSequenceNum          0x2000'ffe7     0x1  Data  Lc  zll-interpan.o [74]


[1] = C:\Users\alji\SimplicityStudio\v4_workspace\Z3LightSoc\IAR ARM - Default
[2] = C:\Users\alji\SimplicityStudio\v4_workspace\Z3LightSoc\IAR ARM - Default\adc\EFR32
[3] = C:\Users\alji\SimplicityStudio\v4_workspace\Z3LightSoc\IAR ARM - Default\aes-cmac
[4] = C:\Users\alji\SimplicityStudio\v4_workspace\Z3LightSoc\IAR ARM - Default\antenna-stub
[5] = C:\Users\alji\SimplicityStudio\v4_workspace\Z3LightSoc\IAR ARM - Default\basic
[6] = C:\Users\alji\SimplicityStudio\v4_workspace\Z3LightSoc\IAR ARM - Default\ccm-encryption
[7] = C:\Users\alji\SimplicityStudio\v4_workspace\Z3LightSoc\IAR ARM - Default\coexistence-stub\EFR32
[8] = C:\Users\alji\SimplicityStudio\v4_workspace\Z3LightSoc\IAR ARM - Default\color-control-server
[9] = C:\Users\alji\SimplicityStudio\v4_workspace\Z3LightSoc\IAR ARM - Default\counters
[10] = C:\Users\alji\SimplicityStudio\v4_workspace\Z3LightSoc\IAR ARM - Default\debug-basic-library\EFR32
[11] = C:\Users\alji\SimplicityStudio\v4_workspace\Z3LightSoc\IAR ARM - Default\debug-jtag\EFR32
[12] = C:\Users\alji\SimplicityStudio\v4_workspace\Z3LightSoc\IAR ARM - Default\efr32
[13] = C:\Users\alji\SimplicityStudio\v4_workspace\Z3LightSoc\IAR ARM - Default\ember-minimal-printf
[14] = C:\Users\alji\SimplicityStudio\v4_workspace\Z3LightSoc\IAR ARM - Default\emdrv
[15] = C:\Users\alji\SimplicityStudio\v4_workspace\Z3LightSoc\IAR ARM - Default\emlib
[16] = C:\Users\alji\SimplicityStudio\v4_workspace\Z3LightSoc\IAR ARM - Default\external-generated-files
[17] = C:\Users\alji\SimplicityStudio\v4_workspace\Z3LightSoc\IAR ARM - Default\find-and-bind-target
[18] = C:\Users\alji\SimplicityStudio\v4_workspace\Z3LightSoc\IAR ARM - Default\green-power-client
[19] = C:\Users\alji\SimplicityStudio\v4_workspace\Z3LightSoc\IAR ARM - Default\green-power-common
[20] = C:\Users\alji\SimplicityStudio\v4_workspace\Z3LightSoc\IAR ARM - Default\groups-server
[21] = C:\Users\alji\SimplicityStudio\v4_workspace\Z3LightSoc\IAR ARM - Default\hal-library\EFR32
[22] = C:\Users\alji\SimplicityStudio\v4_workspace\Z3LightSoc\IAR ARM - Default\heartbeat
[23] = C:\Users\alji\SimplicityStudio\v4_workspace\Z3LightSoc\IAR ARM - Default\identify
[24] = C:\Users\alji\SimplicityStudio\v4_workspace\Z3LightSoc\IAR ARM - Default\interpan
[25] = C:\Users\alji\SimplicityStudio\v4_workspace\Z3LightSoc\IAR ARM - Default\level-control
[26] = C:\Users\alji\SimplicityStudio\v4_workspace\Z3LightSoc\IAR ARM - Default\mbedtls\EFR32
[27] = C:\Users\alji\SimplicityStudio\v4_workspace\Z3LightSoc\IAR ARM - Default\network-creator
[28] = C:\Users\alji\SimplicityStudio\v4_workspace\Z3LightSoc\IAR ARM - Default\network-creator-security
[29] = C:\Users\alji\SimplicityStudio\v4_workspace\Z3LightSoc\IAR ARM - Default\network-steering
[30] = C:\Users\alji\SimplicityStudio\v4_workspace\Z3LightSoc\IAR ARM - Default\nvm3
[31] = C:\Users\alji\SimplicityStudio\v4_workspace\Z3LightSoc\IAR ARM - Default\nvm3\EFR32
[32] = C:\Users\alji\SimplicityStudio\v4_workspace\Z3LightSoc\IAR ARM - Default\on-off
[33] = C:\Users\alji\SimplicityStudio\v4_workspace\Z3LightSoc\IAR ARM - Default\reporting
[34] = C:\Users\alji\SimplicityStudio\v4_workspace\Z3LightSoc\IAR ARM - Default\scan-dispatch
[35] = C:\Users\alji\SimplicityStudio\v4_workspace\Z3LightSoc\IAR ARM - Default\scenes
[36] = C:\Users\alji\SimplicityStudio\v4_workspace\Z3LightSoc\IAR ARM - Default\serial
[37] = C:\Users\alji\SimplicityStudio\v4_workspace\Z3LightSoc\IAR ARM - Default\serial\EFR32
[38] = C:\Users\alji\SimplicityStudio\v4_workspace\Z3LightSoc\IAR ARM - Default\simple-main
[39] = C:\Users\alji\SimplicityStudio\v4_workspace\Z3LightSoc\IAR ARM - Default\strong-random
[40] = C:\Users\alji\SimplicityStudio\v4_workspace\Z3LightSoc\IAR ARM - Default\update-tc-link-key
[41] = C:\Users\alji\SimplicityStudio\v4_workspace\Z3LightSoc\IAR ARM - Default\zcl-framework-core
[42] = C:\Users\alji\SimplicityStudio\v4_workspace\Z3LightSoc\IAR ARM - Default\zll-commissioning-common
[43] = C:\Users\alji\SimplicityStudio\v4_workspace\Z3LightSoc\IAR ARM - Default\zll-commissioning-server
[44] = C:\Users\alji\SimplicityStudio\v4_workspace\Z3LightSoc\IAR ARM - Default\zll-identify-server
[45] = C:\Users\alji\SimplicityStudio\v4_workspace\Z3LightSoc\IAR ARM - Default\zll-level-control-server
[46] = C:\Users\alji\SimplicityStudio\v4_workspace\Z3LightSoc\IAR ARM - Default\zll-on-off-server
[47] = C:\Users\alji\SimplicityStudio\v4_workspace\Z3LightSoc\IAR ARM - Default\zll-scenes-server
[48] = C:\Users\alji\SimplicityStudio\v4_workspace\Z3LightSoc\IAR ARM - Default\zll-utility-server
[49] = binding-table-library.a
[50] = cbke-163k1-stub-library.a
[51] = cbke-283k1-stub-library.a
[52] = cbke-library-dsa-sign-stub.a
[53] = cbke-library-dsa-verify-283k1-stub.a
[54] = cbke-library-dsa-verify-stub.a
[55] = cbke-stub-library.a
[56] = debug-basic-library.a
[57] = debug-extended-stub-library.a
[58] = dl7M_tln.a
[59] = end-device-bind-stub-library.a
[60] = gp-library.a
[61] = hal-library.a
[62] = install-code-library.a
[63] = libnvm3_CM4_iar.a
[64] = librail_efr32xg13_iar_release.a
[65] = m7M_tls.a
[66] = multi-network-stub-library.a
[67] = packet-validate-stub-library.a
[68] = rt7M_tl.a
[69] = security-library-link-keys-stub.a
[70] = sim-eeprom2-to-nvm3-upgrade-stub-library.a
[71] = source-route-library.a
[72] = zigbee-pro-stack.a
[73] = zigbee-r22-support-stub-library.a
[74] = zll-library.a

  215'466 bytes of readonly  code memory
       20 bytes of readwrite code memory
   35'580 bytes of readonly  data memory
   56'934 bytes of readwrite data memory

Errors: none
Warnings: none
